Component: ARM Compiler 5.06 update 6 (build 750) Tool: armlink [4d35ed]

==============================================================================

Section Cross References

    main.o(i.main) refers to misc.o(i.NVIC_PriorityGroupConfig) for NVIC_PriorityGroupConfig
    main.o(i.main) refers to delay.o(i.delay_init) for delay_init
    main.o(i.main) refers to systemtask.o(i.systemInit) for systemInit
    main.o(i.main) refers to usart.o(i.u1_printf) for u1_printf
    main.o(i.main) refers to delay.o(i.delay_ms) for delay_ms
    main.o(i.main) refers to systemtask.o(i.systemLoop) for systemLoop
    system_stm32f10x.o(i.SetSysClock) refers to system_stm32f10x.o(i.SetSysClockTo72) for SetSysClockTo72
    system_stm32f10x.o(i.SystemCoreClockUpdate) refers to system_stm32f10x.o(.data) for SystemCoreClock
    system_stm32f10x.o(i.SystemInit) refers to system_stm32f10x.o(i.SetSysClock) for SetSysClock
    systemtask.o(i.IWDG_Init) refers to stm32f10x_iwdg.o(i.IWDG_WriteAccessCmd) for IWDG_WriteAccessCmd
    systemtask.o(i.IWDG_Init) refers to stm32f10x_iwdg.o(i.IWDG_SetPrescaler) for IWDG_SetPrescaler
    systemtask.o(i.IWDG_Init) refers to stm32f10x_iwdg.o(i.IWDG_SetReload) for IWDG_SetReload
    systemtask.o(i.IWDG_Init) refers to stm32f10x_iwdg.o(i.IWDG_ReloadCounter) for IWDG_ReloadCounter
    systemtask.o(i.IWDG_Init) refers to stm32f10x_iwdg.o(i.IWDG_Enable) for IWDG_Enable
    systemtask.o(i.TIM4_IRQHandler) refers to stm32f10x_tim.o(i.TIM_GetITStatus) for TIM_GetITStatus
    systemtask.o(i.TIM4_IRQHandler) refers to stm32f10x_tim.o(i.TIM_ClearITPendingBit) for TIM_ClearITPendingBit
    systemtask.o(i.TIM4_IRQHandler) refers to systemtask.o(.data) for tick
    systemtask.o(i.TIM4_IRQHandler) refers to systemtask.o(.bss) for tasksStatus
    systemtask.o(i.systemInit) refers to usart.o(i.uart1_init) for uart1_init
    systemtask.o(i.systemInit) refers to usart.o(i.uart3_init) for uart3_init
    systemtask.o(i.systemInit) refers to timer.o(i.TIM4_Int_Init) for TIM4_Int_Init
    systemtask.o(i.systemInit) refers to infraremote.o(i.infraRemote_Init) for infraRemote_Init
    systemtask.o(i.systemInit) refers to hcms.o(i.HCMS_init) for HCMS_init
    systemtask.o(i.systemInit) refers to sd3078.o(i.SD3078_Init) for SD3078_Init
    systemtask.o(i.systemInit) refers to led.o(i.LED_Init) for LED_Init
    systemtask.o(i.systemInit) refers to beep.o(i.beepInit) for beepInit
    systemtask.o(i.systemInit) refers to key.o(i.KEY_Init) for KEY_Init
    systemtask.o(i.systemInit) refers to adc.o(i.Adc_Init) for Adc_Init
    systemtask.o(i.systemInit) refers to beep.o(i.beepCmd) for beepCmd
    systemtask.o(i.systemInit) refers to sd3078.o(i.RTC_ReadDate) for RTC_ReadDate
    systemtask.o(i.systemInit) refers to hcms.o(i.HCMS_Brightness) for HCMS_Brightness
    systemtask.o(i.systemInit) refers to printfa.o(i.__0printf) for __2printf
    systemtask.o(i.systemInit) refers to sd3078.o(i.I2CReadSerial) for I2CReadSerial
    systemtask.o(i.systemInit) refers to sd3078.o(i.I2CWriteSerial) for I2CWriteSerial
    systemtask.o(i.systemInit) refers to systemtask.o(.data) for Show_Mode
    systemtask.o(i.systemInit) refers to sd3078.o(.data) for data_Buf
    systemtask.o(i.systemLoop) refers to sd3078.o(i.RTC_ReadDate) for RTC_ReadDate
    systemtask.o(i.systemLoop) refers to printfa.o(i.__0printf) for __2printf
    systemtask.o(i.systemLoop) refers to hcms.o(i.HCMS_Write_I_Str) for HCMS_Write_I_Str
    systemtask.o(i.systemLoop) refers to hcms.o(i.HCMS_Write_II_Str) for HCMS_Write_II_Str
    systemtask.o(i.systemLoop) refers to sd3078.o(i.BCDtoNum) for BCDtoNum
    systemtask.o(i.systemLoop) refers to stm32f10x_gpio.o(i.GPIO_ReadInputDataBit) for GPIO_ReadInputDataBit
    systemtask.o(i.systemLoop) refers to delay.o(i.delay_ms) for delay_ms
    systemtask.o(i.systemLoop) refers to adc.o(i.Get_Adc_Average) for Get_Adc_Average
    systemtask.o(i.systemLoop) refers to stm32f10x_iwdg.o(i.IWDG_ReloadCounter) for IWDG_ReloadCounter
    systemtask.o(i.systemLoop) refers to infraremote.o(i.infraRemote_Scan) for infraRemote_Scan
    systemtask.o(i.systemLoop) refers to systemtask.o(i.myabs) for myabs
    systemtask.o(i.systemLoop) refers to infraremote.o(i.infraAnalysis) for infraAnalysis
    systemtask.o(i.systemLoop) refers to systemtask.o(.bss) for tasksStatus
    systemtask.o(i.systemLoop) refers to systemtask.o(.data) for sysTime
    timer.o(i.TIM2_Int_Init) refers to stm32f10x_rcc.o(i.RCC_APB1PeriphClockCmd) for RCC_APB1PeriphClockCmd
    timer.o(i.TIM2_Int_Init) refers to stm32f10x_tim.o(i.TIM_TimeBaseInit) for TIM_TimeBaseInit
    timer.o(i.TIM2_Int_Init) refers to stm32f10x_tim.o(i.TIM_ITConfig) for TIM_ITConfig
    timer.o(i.TIM2_Int_Init) refers to misc.o(i.NVIC_Init) for NVIC_Init
    timer.o(i.TIM2_Int_Init) refers to stm32f10x_tim.o(i.TIM_Cmd) for TIM_Cmd
    timer.o(i.TIM4_Int_Init) refers to stm32f10x_rcc.o(i.RCC_APB1PeriphClockCmd) for RCC_APB1PeriphClockCmd
[...]
    Removing stm32f10x_adc.o(i.ADC_SetInjectedOffset), (20 bytes).
    Removing stm32f10x_adc.o(i.ADC_SoftwareStartInjectedConvCmd), (22 bytes).
    Removing stm32f10x_adc.o(i.ADC_StructInit), (18 bytes).
    Removing stm32f10x_adc.o(i.ADC_TempSensorVrefintCmd), (36 bytes).
    Removing stm32f10x_dma.o(i.DMA_ClearFlag), (28 bytes).
    Removing stm32f10x_dma.o(i.DMA_ClearITPendingBit), (28 bytes).
    Removing stm32f10x_dma.o(i.DMA_Cmd), (24 bytes).
    Removing stm32f10x_dma.o(i.DMA_DeInit), (332 bytes).
    Removing stm32f10x_dma.o(i.DMA_GetCurrDataCounter), (8 bytes).
    Removing stm32f10x_dma.o(i.DMA_GetFlagStatus), (44 bytes).
    Removing stm32f10x_dma.o(i.DMA_GetITStatus), (44 bytes).
    Removing stm32f10x_dma.o(i.DMA_ITConfig), (18 bytes).
    Removing stm32f10x_dma.o(i.DMA_Init), (60 bytes).
    Removing stm32f10x_dma.o(i.DMA_SetCurrDataCounter), (4 bytes).
    Removing stm32f10x_dma.o(i.DMA_StructInit), (26 bytes).
    Removing stm32f10x_exti.o(i.EXTI_ClearFlag), (12 bytes).
    Removing stm32f10x_exti.o(i.EXTI_ClearITPendingBit), (12 bytes).
    Removing stm32f10x_exti.o(i.EXTI_DeInit), (36 bytes).
    Removing stm32f10x_exti.o(i.EXTI_GenerateSWInterrupt), (16 bytes).
    Removing stm32f10x_exti.o(i.EXTI_GetFlagStatus), (24 bytes).
    Removing stm32f10x_exti.o(i.EXTI_GetITStatus), (40 bytes).
    Removing stm32f10x_exti.o(i.EXTI_Init), (148 bytes).
    Removing stm32f10x_exti.o(i.EXTI_StructInit), (16 bytes).
    Removing stm32f10x_flash.o(i.FLASH_ClearFlag), (12 bytes).
    Removing stm32f10x_flash.o(i.FLASH_EnableWriteProtection), (196 bytes).
    Removing stm32f10x_flash.o(i.FLASH_EraseAllBank1Pages), (72 bytes).
    Removing stm32f10x_flash.o(i.FLASH_EraseAllPages), (72 bytes).
    Removing stm32f10x_flash.o(i.FLASH_EraseOptionBytes), (168 bytes).
    Removing stm32f10x_flash.o(i.FLASH_ErasePage), (76 bytes).
    Removing stm32f10x_flash.o(i.FLASH_GetBank1Status), (52 bytes).
    Removing stm32f10x_flash.o(i.FLASH_GetFlagStatus), (48 bytes).
    Removing stm32f10x_flash.o(i.FLASH_GetPrefetchBufferStatus), (24 bytes).
    Removing stm32f10x_flash.o(i.FLASH_GetReadOutProtectionStatus), (24 bytes).
    Removing stm32f10x_flash.o(i.FLASH_GetStatus), (52 bytes).
    Removing stm32f10x_flash.o(i.FLASH_GetUserOptionByte), (12 bytes).
    Removing stm32f10x_flash.o(i.FLASH_GetWriteProtectionOptionByte), (12 bytes).
    Removing stm32f10x_flash.o(i.FLASH_HalfCycleAccessCmd), (28 bytes).
    Removing stm32f10x_flash.o(i.FLASH_ITConfig), (32 bytes).
    Removing stm32f10x_flash.o(i.FLASH_Lock), (20 bytes).
    Removing stm32f10x_flash.o(i.FLASH_LockBank1), (20 bytes).
    Removing stm32f10x_flash.o(i.FLASH_PrefetchBufferCmd), (28 bytes).
    Removing stm32f10x_flash.o(i.FLASH_ProgramHalfWord), (64 bytes).
    Removing stm32f10x_flash.o(i.FLASH_ProgramOptionByteData), (84 bytes).
    Removing stm32f10x_flash.o(i.FLASH_ProgramWord), (108 bytes).
    Removing stm32f10x_flash.o(i.FLASH_ReadOutProtection), (172 bytes).
    Removing stm32f10x_flash.o(i.FLASH_SetLatency), (24 bytes).
    Removing stm32f10x_flash.o(i.FLASH_Unlock), (24 bytes).
    Removing stm32f10x_flash.o(i.FLASH_UnlockBank1), (24 bytes).
    Removing stm32f10x_flash.o(i.FLASH_UserOptionByteConfig), (104 bytes).
    Removing stm32f10x_flash.o(i.FLASH_WaitForLastBank1Operation), (38 bytes).
    Removing stm32f10x_flash.o(i.FLASH_WaitForLastOperation), (38 bytes).
    Removing stm32f10x_gpio.o(i.GPIO_AFIODeInit), (20 bytes).
    Removing stm32f10x_gpio.o(i.GPIO_DeInit), (200 bytes).
    Removing stm32f10x_gpio.o(i.GPIO_ETH_MediaInterfaceConfig), (12 bytes).
    Removing stm32f10x_gpio.o(i.GPIO_EXTILineConfig), (64 bytes).
    Removing stm32f10x_gpio.o(i.GPIO_EventOutputCmd), (12 bytes).
    Removing stm32f10x_gpio.o(i.GPIO_EventOutputConfig), (32 bytes).
    Removing stm32f10x_gpio.o(i.GPIO_PinLockConfig), (18 bytes).
    Removing stm32f10x_gpio.o(i.GPIO_PinRemapConfig), (144 bytes).
    Removing stm32f10x_gpio.o(i.GPIO_ReadInputData), (8 bytes).
    Removing stm32f10x_gpio.o(i.GPIO_ReadOutputData), (8 bytes).
    Removing stm32f10x_gpio.o(i.GPIO_ReadOutputDataBit), (18 bytes).
    Removing stm32f10x_gpio.o(i.GPIO_StructInit), (16 bytes).
    Removing stm32f10x_gpio.o(i.GPIO_Write), (4 bytes).
    Removing stm32f10x_gpio.o(i.GPIO_WriteBit), (10 bytes).
    Removing stm32f10x_pwr.o(i.PWR_BackupAccessCmd), (12 bytes).
    Removing stm32f10x_pwr.o(i.PWR_ClearFlag), (20 bytes).
    Removing stm32f10x_pwr.o(i.PWR_DeInit), (22 bytes).
    Removing stm32f10x_pwr.o(i.PWR_EnterSTANDBYMode), (52 bytes).
    Removing stm32f10x_pwr.o(i.PWR_EnterSTOPMode), (64 bytes).
    Removing stm32f10x_pwr.o(i.PWR_GetFlagStatus), (24 bytes).
    Removing stm32f10x_pwr.o(i.PWR_PVDCmd), (12 bytes).
    Removing stm32f10x_pwr.o(i.PWR_PVDLevelConfig), (24 bytes).
    Removing stm32f10x_pwr.o(i.PWR_WakeUpPinCmd), (12 bytes).
    Removing stm32f10x_rcc.o(i.RCC_AdjustHSICalibrationValue), (24 bytes).
    Removing stm32f10x_rcc.o(i.RCC_BackupResetCmd), (12 bytes).
    Removing stm32f10x_rcc.o(i.RCC_ClearFlag), (20 bytes).
    Removing stm32f10x_rcc.o(i.RCC_ClearITPendingBit), (12 bytes).
    Removing stm32f10x_rcc.o(i.RCC_ClockSecuritySystemCmd), (12 bytes).
    Removing stm32f10x_rcc.o(i.RCC_DeInit), (76 bytes).
    Removing stm32f10x_rcc.o(i.RCC_GetFlagStatus), (60 bytes).
    Removing stm32f10x_rcc.o(i.RCC_GetITStatus), (24 bytes).
    Removing stm32f10x_rcc.o(i.RCC_GetSYSCLKSource), (16 bytes).
    Removing stm32f10x_rcc.o(i.RCC_HCLKConfig), (24 bytes).
    Removing stm32f10x_rcc.o(i.RCC_HSEConfig), (76 bytes).
    Removing stm32f10x_rcc.o(i.RCC_HSICmd), (12 bytes).
    Removing stm32f10x_rcc.o(i.RCC_ITConfig), (32 bytes).
    Removing stm32f10x_rcc.o(i.RCC_LSEConfig), (52 bytes).
    Removing stm32f10x_rcc.o(i.RCC_LSICmd), (12 bytes).
    Removing stm32f10x_rcc.o(i.RCC_MCOConfig), (12 bytes).
    Removing stm32f10x_rcc.o(i.RCC_PCLK1Config), (24 bytes).
    Removing stm32f10x_rcc.o(i.RCC_PCLK2Config), (24 bytes).
    Removing stm32f10x_rcc.o(i.RCC_PLLCmd), (12 bytes).
    Removing stm32f10x_rcc.o(i.RCC_PLLConfig), (28 bytes).
    Removing stm32f10x_rcc.o(i.RCC_RTCCLKCmd), (12 bytes).
    Removing stm32f10x_rcc.o(i.RCC_RTCCLKConfig), (16 bytes).
    Removing stm32f10x_rcc.o(i.RCC_SYSCLKConfig), (24 bytes).
    Removing stm32f10x_rcc.o(i.RCC_USBCLKConfig), (12 bytes).
    Removing stm32f10x_rcc.o(i.RCC_WaitForHSEStartUp), (56 bytes).
    Removing stm32f10x_rtc.o(i.RTC_ClearFlag), (16 bytes).
    Removing stm32f10x_rtc.o(i.RTC_ClearITPendingBit), (16 bytes).
    Removing stm32f10x_rtc.o(i.RTC_EnterConfigMode), (20 bytes).
    Removing stm32f10x_rtc.o(i.RTC_ExitConfigMode), (20 bytes).
    Removing stm32f10x_rtc.o(i.RTC_GetCounter), (20 bytes).
    Removing stm32f10x_rtc.o(i.RTC_GetDivider), (24 bytes).
    Removing stm32f10x_rtc.o(i.RTC_GetFlagStatus), (24 bytes).
    Removing stm32f10x_rtc.o(i.RTC_GetITStatus), (36 bytes).
    Removing stm32f10x_rtc.o(i.RTC_ITConfig), (32 bytes).
    Removing stm32f10x_rtc.o(i.RTC_SetAlarm), (28 bytes).
    Removing stm32f10x_rtc.o(i.RTC_SetCounter), (28 bytes).
    Removing stm32f10x_rtc.o(i.RTC_SetPrescaler), (32 bytes).
    Removing stm32f10x_rtc.o(i.RTC_WaitForLastTask), (20 bytes).
    Removing stm32f10x_rtc.o(i.RTC_WaitForSynchro), (36 bytes).
    Removing stm32f10x_tim.o(i.TIM_ARRPreloadConfig), (24 bytes).
    Removing stm32f10x_tim.o(i.TIM_BDTRConfig), (32 bytes).
    Removing stm32f10x_tim.o(i.TIM_BDTRStructInit), (18 bytes).
    Removing stm32f10x_tim.o(i.TIM_CCPreloadControl), (24 bytes).
    Removing stm32f10x_tim.o(i.TIM_CCxCmd), (30 bytes).
    Removing stm32f10x_tim.o(i.TIM_CCxNCmd), (30 bytes).
    Removing stm32f10x_tim.o(i.TIM_ClearFlag), (6 bytes).
    Removing stm32f10x_tim.o(i.TIM_ClearOC1Ref), (18 bytes).
    Removing stm32f10x_tim.o(i.TIM_ClearOC2Ref), (24 bytes).
    Removing stm32f10x_tim.o(i.TIM_ClearOC3Ref), (18 bytes).
    Removing stm32f10x_tim.o(i.TIM_ClearOC4Ref), (24 bytes).
    Removing stm32f10x_tim.o(i.TIM_CounterModeConfig), (18 bytes).
    Removing stm32f10x_tim.o(i.TIM_CtrlPWMOutputs), (30 bytes).
    Removing stm32f10x_tim.o(i.TIM_DMACmd), (18 bytes).
    Removing stm32f10x_tim.o(i.TIM_DMAConfig), (10 bytes).
    Removing stm32f10x_tim.o(i.TIM_DeInit), (488 bytes).
    Removing stm32f10x_tim.o(i.TIM_ETRClockMode1Config), (54 bytes).
    Removing stm32f10x_tim.o(i.TIM_ETRClockMode2Config), (32 bytes).
    Removing stm32f10x_tim.o(i.TIM_ETRConfig), (28 bytes).
    Removing stm32f10x_tim.o(i.TIM_EncoderInterfaceConfig), (66 bytes).
    Removing stm32f10x_tim.o(i.TIM_ForcedOC1Config), (18 bytes).
    Removing stm32f10x_tim.o(i.TIM_ForcedOC2Config), (26 bytes).
    Removing stm32f10x_tim.o(i.TIM_ForcedOC3Config), (18 bytes).
    Removing stm32f10x_tim.o(i.TIM_ForcedOC4Config), (26 bytes).
    Removing stm32f10x_tim.o(i.TIM_GenerateEvent), (4 bytes).
    Removing stm32f10x_tim.o(i.TIM_GetCapture1), (6 bytes).
    Removing stm32f10x_tim.o(i.TIM_GetCapture2), (6 bytes).
    Removing stm32f10x_tim.o(i.TIM_GetCapture4), (8 bytes).
    Removing stm32f10x_tim.o(i.TIM_GetCounter), (6 bytes).
    Removing stm32f10x_tim.o(i.TIM_GetFlagStatus), (18 bytes).
    Removing stm32f10x_tim.o(i.TIM_GetPrescaler), (6 bytes).
    Removing stm32f10x_tim.o(i.TIM_ICStructInit), (18 bytes).
    Removing stm32f10x_tim.o(i.TIM_ITRxExternalClockConfig), (24 bytes).
    Removing stm32f10x_tim.o(i.TIM_InternalClockConfig), (12 bytes).
    Removing stm32f10x_tim.o(i.TIM_OC1FastConfig), (18 bytes).
    Removing stm32f10x_tim.o(i.TIM_OC1Init), (152 bytes).
    Removing stm32f10x_tim.o(i.TIM_OC1NPolarityConfig), (18 bytes).
    Removing stm32f10x_tim.o(i.TIM_OC1PolarityConfig), (18 bytes).
    Removing stm32f10x_tim.o(i.TIM_OC1PreloadConfig), (18 bytes).
    Removing stm32f10x_tim.o(i.TIM_OC2FastConfig), (26 bytes).
    Removing stm32f10x_tim.o(i.TIM_OC2Init), (164 bytes).
    Removing stm32f10x_tim.o(i.TIM_OC2NPolarityConfig), (26 bytes).
    Removing stm32f10x_tim.o(i.TIM_OC2PolarityConfig), (26 bytes).
    Removing stm32f10x_tim.o(i.TIM_OC2PreloadConfig), (26 bytes).
    Removing stm32f10x_tim.o(i.TIM_OC3FastConfig), (18 bytes).
    Removing stm32f10x_tim.o(i.TIM_OC3Init), (160 bytes).
    Removing stm32f10x_tim.o(i.TIM_OC3NPolarityConfig), (26 bytes).
    Removing stm32f10x_tim.o(i.TIM_OC3PreloadConfig), (18 bytes).
    Removing stm32f10x_tim.o(i.TIM_OC4FastConfig), (26 bytes).
    Removing stm32f10x_tim.o(i.TIM_OC4Init), (124 bytes).
    Removing stm32f10x_tim.o(i.TIM_OC4PolarityConfig), (26 bytes).
    Removing stm32f10x_tim.o(i.TIM_OC4PreloadConfig), (26 bytes).
    Removing stm32f10x_tim.o(i.TIM_OCStructInit), (20 bytes).
    Removing stm32f10x_tim.o(i.TIM_PWMIConfig), (124 bytes).
    Removing stm32f10x_tim.o(i.TIM_PrescalerConfig), (6 bytes).
    Removing stm32f10x_tim.o(i.TIM_SelectCCDMA), (24 bytes).
    Removing stm32f10x_tim.o(i.TIM_SelectCOM), (24 bytes).
    Removing stm32f10x_tim.o(i.TIM_SelectHallSensor), (24 bytes).
    Removing stm32f10x_tim.o(i.TIM_SelectInputTrigger), (18 bytes).
    Removing stm32f10x_tim.o(i.TIM_SelectMasterSlaveMode), (18 bytes).
    Removing stm32f10x_tim.o(i.TIM_SelectOCxM), (82 bytes).
    Removing stm32f10x_tim.o(i.TIM_SelectOnePulseMode), (18 bytes).
    Removing stm32f10x_tim.o(i.TIM_SelectOutputTrigger), (18 bytes).
    Removing stm32f10x_tim.o(i.TIM_SelectSlaveMode), (18 bytes).
    Removing stm32f10x_tim.o(i.TIM_SetAutoreload), (4 bytes).
    Removing stm32f10x_tim.o(i.TIM_SetClockDivision), (18 bytes).
    Removing stm32f10x_tim.o(i.TIM_SetCompare1), (4 bytes).
    Removing stm32f10x_tim.o(i.TIM_SetCompare2), (4 bytes).
    Removing stm32f10x_tim.o(i.TIM_SetCompare3), (4 bytes).
    Removing stm32f10x_tim.o(i.TIM_SetCompare4), (6 bytes).
    Removing stm32f10x_tim.o(i.TIM_TIxExternalClockConfig), (62 bytes).
    Removing stm32f10x_tim.o(i.TIM_TimeBaseStructInit), (18 bytes).
    Removing stm32f10x_tim.o(i.TIM_UpdateDisableConfig), (24 bytes).
    Removing stm32f10x_tim.o(i.TIM_UpdateRequestConfig), (24 bytes).
    Removing stm32f10x_usart.o(i.USART_ClearFlag), (18 bytes).
    Removing stm32f10x_usart.o(i.USART_ClearITPendingBit), (30 bytes).
    Removing stm32f10x_usart.o(i.USART_ClockInit), (34 bytes).
    Removing stm32f10x_usart.o(i.USART_ClockStructInit), (12 bytes).
    Removing stm32f10x_usart.o(i.USART_DMACmd), (18 bytes).
    Removing stm32f10x_usart.o(i.USART_HalfDuplexCmd), (24 bytes).
    Removing stm32f10x_usart.o(i.USART_IrDACmd), (24 bytes).
    Removing stm32f10x_usart.o(i.USART_IrDAConfig), (18 bytes).
    Removing stm32f10x_usart.o(i.USART_LINBreakDetectLengthConfig), (18 bytes).
    Removing stm32f10x_usart.o(i.USART_LINCmd), (24 bytes).
    Removing stm32f10x_usart.o(i.USART_OneBitMethodCmd), (24 bytes).
    Removing stm32f10x_usart.o(i.USART_OverSampling8Cmd), (22 bytes).
    Removing stm32f10x_usart.o(i.USART_ReceiverWakeUpCmd), (24 bytes).
    Removing stm32f10x_usart.o(i.USART_SendBreak), (10 bytes).
    Removing stm32f10x_usart.o(i.USART_SetAddress), (18 bytes).
    Removing stm32f10x_usart.o(i.USART_SetGuardTime), (16 bytes).
    Removing stm32f10x_usart.o(i.USART_SetPrescaler), (16 bytes).
    Removing stm32f10x_usart.o(i.USART_SmartCardCmd), (24 bytes).
    Removing stm32f10x_usart.o(i.USART_SmartCardNACKCmd), (24 bytes).
    Removing stm32f10x_usart.o(i.USART_StructInit), (24 bytes).
    Removing stm32f10x_usart.o(i.USART_WakeUpConfig), (18 bytes).
    Removing stm32f10x_bkp.o(i.BKP_ClearFlag), (20 bytes).
    Removing stm32f10x_bkp.o(i.BKP_ClearITPendingBit), (20 bytes).
    Removing stm32f10x_bkp.o(i.BKP_DeInit), (16 bytes).
    Removing stm32f10x_bkp.o(i.BKP_GetFlagStatus), (12 bytes).
    Removing stm32f10x_bkp.o(i.BKP_GetITStatus), (12 bytes).
    Removing stm32f10x_bkp.o(i.BKP_ITConfig), (12 bytes).
    Removing stm32f10x_bkp.o(i.BKP_RTCOutputConfig), (28 bytes).
    Removing stm32f10x_bkp.o(i.BKP_ReadBackupRegister), (28 bytes).
    Removing stm32f10x_bkp.o(i.BKP_SetRTCCalibrationValue), (28 bytes).
    Removing stm32f10x_bkp.o(i.BKP_TamperPinCmd), (12 bytes).
    Removing stm32f10x_bkp.o(i.BKP_TamperPinLevelConfig), (12 bytes).
    Removing stm32f10x_bkp.o(i.BKP_WriteBackupRegister), (28 bytes).
    Removing stm32f10x_iwdg.o(i.IWDG_Enable), (16 bytes).
    Removing stm32f10x_iwdg.o(i.IWDG_GetFlagStatus), (24 bytes).
    Removing stm32f10x_iwdg.o(i.IWDG_SetPrescaler), (12 bytes).
    Removing stm32f10x_iwdg.o(i.IWDG_SetReload), (12 bytes).
    Removing stm32f10x_iwdg.o(i.IWDG_WriteAccessCmd), (12 bytes).

290 unused section(s) (total 15148 bytes) removed from the image.

==============================================================================

Image Symbol Table

    Local Symbols

    Symbol Name                              Value     Ov Type        Size  Object(Section)

    ../clib/microlib/division.c              0x00000000   Number         0  uidiv.o ABSOLUTE
    ../clib/microlib/division.c              0x00000000   Number         0  uldiv.o ABSOLUTE
    ../clib/microlib/init/entry.s            0x00000000   Number         0  entry10a.o ABSOLUTE
    ../clib/microlib/init/entry.s            0x00000000   Number         0  entry2.o ABSOLUTE
    ../clib/microlib/init/entry.s            0x00000000   Number         0  entry10b.o ABSOLUTE
    ../clib/microlib/init/entry.s            0x00000000   Number         0  entry9b.o ABSOLUTE
    ../clib/microlib/init/entry.s            0x00000000   Number         0  entry9a.o ABSOLUTE
    ../clib/microlib/init/entry.s            0x00000000   Number         0  entry8b.o ABSOLUTE
    ../clib/microlib/init/entry.s            0x00000000   Number         0  entry8a.o ABSOLUTE
    ../clib/microlib/init/entry.s            0x00000000   Number         0  entry.o ABSOLUTE
    ../clib/microlib/init/entry.s            0x00000000   Number         0  entry7b.o ABSOLUTE
    ../clib/microlib/init/entry.s            0x00000000   Number         0  entry7a.o ABSOLUTE
    ../clib/microlib/init/entry.s            0x00000000   Number         0  entry5.o ABSOLUTE
    ../clib/microlib/init/entry.s            0x00000000   Number         0  entry11b.o ABSOLUTE
    ../clib/microlib/init/entry.s            0x00000000   Number         0  entry11a.o ABSOLUTE
    ../clib/microlib/longlong.c              0x00000000   Number         0  llsshr.o ABSOLUTE
    ../clib/microlib/longlong.c              0x00000000   Number         0  llushr.o ABSOLUTE
    ../clib/microlib/longlong.c              0x00000000   Number         0  llshl.o ABSOLUTE
    ../clib/microlib/printf/printf.c         0x00000000   Number         0  printf8.o ABSOLUTE
    ../clib/microlib/printf/printf.c         0x00000000   Number         0  printfa.o ABSOLUTE
    ../clib/microlib/printf/printf.c         0x00000000   Number         0  printf4.o ABSOLUTE
    ../clib/microlib/printf/printf.c         0x00000000   Number         0  printfb.o ABSOLUTE
    ../clib/microlib/printf/printf.c         0x00000000   Number         0  printf2.o ABSOLUTE
    ../clib/microlib/printf/printf.c         0x00000000   Number         0  printf3.o ABSOLUTE
    ../clib/microlib/printf/printf.c         0x00000000   Number         0  printf1.o ABSOLUTE
    ../clib/microlib/printf/printf.c         0x00000000   Number         0  printf5.o ABSOLUTE
    ../clib/microlib/printf/printf.c         0x00000000   Number         0  printf6.o ABSOLUTE
    ../clib/microlib/printf/printf.c         0x00000000   Number         0  printf7.o ABSOLUTE
    ../clib/microlib/printf/printf.c         0x00000000   Number         0  printf0.o ABSOLUTE
    ../clib/microlib/printf/stubs.s          0x00000000   Number         0  stubs.o ABSOLUTE
    ../clib/microlib/string/strlen.c         0x00000000   Number         0  strlen.o ABSOLUTE
    ../clib/microlib/stubs.s                 0x00000000   Number         0  useno.o ABSOLUTE
    ../clib/microlib/stubs.s                 0x00000000   Number         0  iusefp.o ABSOLUTE
    ../fplib/microlib/fpadd.c                0x00000000   Number         0  dadd.o ABSOLUTE
    ../fplib/microlib/fpdiv.c                0x00000000   Number         0  ddiv.o ABSOLUTE
    ../fplib/microlib/fpepilogue.c           0x00000000   Number         0  depilogue.o ABSOLUTE
    ../fplib/microlib/fpfix.c                0x00000000   Number         0  dfixul.o ABSOLUTE
    ../fplib/microlib/fpmul.c                0x00000000   Number         0  dmul.o ABSOLUTE
    ..\CORE\core_cm3.c                       0x00000000   Number         0  core_cm3.o ABSOLUTE
    ..\CORE\startup_stm32f10x_md.s           0x00000000   Number         0  startup_stm32f10x_md.o ABSOLUTE
    ..\HARDWARE\src\Drv_Flash.c              0x00000000   Number         0  drv_flash.o ABSOLUTE
    ..\HARDWARE\src\HCMS.c                   0x00000000   Number         0  hcms.o ABSOLUTE
    ..\HARDWARE\src\SD3078.c                 0x00000000   Number         0  sd3078.o ABSOLUTE
    ..\HARDWARE\src\adc.c                    0x00000000   Number         0  adc.o ABSOLUTE
    ..\HARDWARE\src\beep.c                   0x00000000   Number         0  beep.o ABSOLUTE
    ..\HARDWARE\src\clock.c                  0x00000000   Number         0  clock.o ABSOLUTE
    ..\HARDWARE\src\infraRemote.c            0x00000000   Number         0  infraremote.o ABSOLUTE
    ..\HARDWARE\src\key.c                    0x00000000   Number         0  key.o ABSOLUTE
    ..\HARDWARE\src\led.c                    0x00000000   Number         0  led.o ABSOLUTE
    ..\HARDWARE\src\systemTask.c             0x00000000   Number         0  systemtask.o ABSOLUTE
    ..\HARDWARE\src\timer.c                  0x00000000   Number         0  timer.o ABSOLUTE
    ..\STM32F10x_FWLib\src\misc.c            0x00000000   Number         0  misc.o ABSOLUTE
    ..\STM32F10x_FWLib\src\stm32f10x_adc.c   0x00000000   Number         0  stm32f10x_adc.o ABSOLUTE
    ..\STM32F10x_FWLib\src\stm32f10x_bkp.c   0x00000000   Number         0  stm32f10x_bkp.o ABSOLUTE
    ..\STM32F10x_FWLib\src\stm32f10x_dma.c   0x00000000   Number         0  stm32f10x_dma.o ABSOLUTE
    ..\STM32F10x_FWLib\src\stm32f10x_exti.c  0x00000000   Number         0  stm32f10x_exti.o ABSOLUTE
    ..\STM32F10x_FWLib\src\stm32f10x_flash.c 0x00000000   Number         0  stm32f10x_flash.o ABSOLUTE
    ..\STM32F10x_FWLib\src\stm32f10x_gpio.c  0x00000000   Number         0  stm32f10x_gpio.o ABSOLUTE
    ..\STM32F10x_FWLib\src\stm32f10x_iwdg.c  0x00000000   Number         0  stm32f10x_iwdg.o ABSOLUTE
    ..\STM32F10x_FWLib\src\stm32f10x_pwr.c   0x00000000   Number         0  stm32f10x_pwr.o ABSOLUTE
    ..\STM32F10x_FWLib\src\stm32f10x_rcc.c   0x00000000   Number         0  stm32f10x_rcc.o ABSOLUTE
    ..\STM32F10x_FWLib\src\stm32f10x_rtc.c   0x00000000   Number         0  stm32f10x_rtc.o ABSOLUTE
    ..\STM32F10x_FWLib\src\stm32f10x_tim.c   0x00000000   Number         0  stm32f10x_tim.o ABSOLUTE
    ..\STM32F10x_FWLib\src\stm32f10x_usart.c 0x00000000   Number         0  stm32f10x_usart.o ABSOLUTE
    ..\SYSTEM\delay\delay.c                  0x00000000   Number         0  delay.o ABSOLUTE
    ..\SYSTEM\sys\sys.c                      0x00000000   Number         0  sys.o ABSOLUTE
    ..\SYSTEM\usart\usart.c                  0x00000000   Number         0  usart.o ABSOLUTE
    ..\\CORE\\core_cm3.c                     0x00000000   Number         0  core_cm3.o ABSOLUTE
    ..\\SYSTEM\\sys\\sys.c                   0x00000000   Number         0  sys.o ABSOLUTE
    cdrcmple.s                               0x00000000   Number         0  cdrcmple.o ABSOLUTE
    dc.s                                     0x00000000   Number         0  dc.o ABSOLUTE
    handlers.s                               0x00000000   Number         0  handlers.o ABSOLUTE
    init.s                                   0x00000000   Number         0  init.o ABSOLUTE
    main.c                                   0x00000000   Number         0  main.o ABSOLUTE
    stm32f10x_it.c                           0x00000000   Number         0  stm32f10x_it.o ABSOLUTE
    system_stm32f10x.c                       0x00000000   Number         0  system_stm32f10x.o ABSOLUTE
    RESET                                    0x08000000   Section      236  startup_stm32f10x_md.o(RESET)
    .ARM.Collect$$$$00000000                 0x080000ec   Section        0  entry.o(.ARM.Collect$$$$00000000)
    .ARM.Collect$$$$00000001                 0x080000ec   Section        4  entry2.o(.ARM.Collect$$$$00000001)
    .ARM.Collect$$$$00000004                 0x080000f0   Section        4  entry5.o(.ARM.Collect$$$$00000004)
    .ARM.Collect$$$$00000008                 0x080000f4   Section        0  entry7b.o(.ARM.Collect$$$$00000008)
    .ARM.Collect$$$$0000000A                 0x080000f4   Section        0  entry8b.o(.ARM.Collect$$$$0000000A)
    .ARM.Collect$$$$0000000B                 0x080000f4   Section        8  entry9a.o(.ARM.Collect$$$$0000000B)
    .ARM.Collect$$$$0000000D                 0x080000fc   Section        0  entry10a.o(.ARM.Collect$$$$0000000D)
    .ARM.Collect$$$$0000000F                 0x080000fc   Section        0  entry11a.o(.ARM.Collect$$$$0000000F)
    .ARM.Collect$$$$00002712                 0x080000fc   Section        4  entry2.o(.ARM.Collect$$$$00002712)
    __lit__00000000                          0x080000fc   Data           4  entry2.o(.ARM.Collect$$$$00002712)
    .text                                    0x08000100   Section       36  startup_stm32f10x_md.o(.text)
    .text                                    0x08000124   Section        0  strlen.o(.text)
    .text                                    0x08000132   Section        0  uidiv.o(.text)
    .text                                    0x0800015e   Section        0  uldiv.o(.text)
    .text                                    0x080001c0   Section        0  iusefp.o(.text)
    .text                                    0x080001c0   Section        0  dadd.o(.text)
    .text                                    0x0800030e   Section        0  dmul.o(.text)
    .text                                    0x080003f2   Section        0  ddiv.o(.text)
    .text                                    0x080004d0   Section        0  dfixul.o(.text)
    .text                                    0x08000500   Section       48  cdrcmple.o(.text)
    .text                                    0x08000530   Section       36  init.o(.text)
    .text                                    0x08000554   Section        0  llshl.o(.text)
    .text                                    0x08000572   Section        0  llushr.o(.text)
    .text                                    0x08000592   Section        0  llsshr.o(.text)
    .text                                    0x080005b6   Section        0  depilogue.o(.text)
    i.ADC_Cmd                                0x08000670   Section        0  stm32f10x_adc.o(i.ADC_Cmd)
    i.ADC_DeInit                             0x08000688   Section        0  stm32f10x_adc.o(i.ADC_DeInit)
    i.ADC_GetCalibrationStatus               0x080006e4   Section        0  stm32f10x_adc.o(i.ADC_GetCalibrationStatus)
    i.ADC_GetConversionValue                 0x080006f8   Section        0  stm32f10x_adc.o(i.ADC_GetConversionValue)
    i.ADC_GetFlagStatus                      0x08000700   Section        0  stm32f10x_adc.o(i.ADC_GetFlagStatus)
    i.ADC_GetResetCalibrationStatus          0x08000712   Section        0  stm32f10x_adc.o(i.ADC_GetResetCalibrationStatus)
    i.ADC_Init                               0x08000728   Section        0  stm32f10x_adc.o(i.ADC_Init)
    i.ADC_RegularChannelConfig               0x08000778   Section        0  stm32f10x_adc.o(i.ADC_RegularChannelConfig)
    i.ADC_ResetCalibration                   0x08000830   Section        0  stm32f10x_adc.o(i.ADC_ResetCalibration)
    i.ADC_SoftwareStartConvCmd               0x0800083a   Section        0  stm32f10x_adc.o(i.ADC_SoftwareStartConvCmd)
    i.ADC_StartCalibration                   0x08000850   Section        0  stm32f10x_adc.o(i.ADC_StartCalibration)
    i.Adc_Init                               0x0800085c   Section        0  adc.o(i.Adc_Init)
    i.BCDtoNum                               0x08000904   Section        0  sd3078.o(i.BCDtoNum)
    i.BusFault_Handler                       0x08000918   Section        0  stm32f10x_it.o(i.BusFault_Handler)
    i.DebugMon_Handler                       0x0800091c   Section        0  stm32f10x_it.o(i.DebugMon_Handler)
    i.EXTI9_5_IRQHandler                     0x0800091e   Section        0  systemtask.o(i.EXTI9_5_IRQHandler)
    i.GPIO_Init                              0x08000920   Section        0  stm32f10x_gpio.o(i.GPIO_Init)
    i.GPIO_ReadInputDataBit                  0x08000a36   Section        0  stm32f10x_gpio.o(i.GPIO_ReadInputDataBit)
    i.GPIO_ResetBits                         0x08000a48   Section        0  stm32f10x_gpio.o(i.GPIO_ResetBits)
    i.GPIO_SetBits                           0x08000a4c   Section        0  stm32f10x_gpio.o(i.GPIO_SetBits)
    i.Get_Adc                                0x08000a50   Section        0  adc.o(i.Get_Adc)
    i.Get_Adc_Average                        0x08000a84   Section        0  adc.o(i.Get_Adc_Average)
    i.HCMS_Brightness                        0x08000ab2   Section        0  hcms.o(i.HCMS_Brightness)
    i.HCMS_Write_Byte                        0x08000b80   Section        0  hcms.o(i.HCMS_Write_Byte)
    i.HCMS_Write_CMD                         0x08000bcc   Section        0  hcms.o(i.HCMS_Write_CMD)
    i.HCMS_Write_Done                        0x08000c2c   Section        0  hcms.o(i.HCMS_Write_Done)
    i.HCMS_Write_II_Str                      0x08000c60   Section        0  hcms.o(i.HCMS_Write_II_Str)
    i.HCMS_Write_I_Str                       0x08000e32   Section        0  hcms.o(i.HCMS_Write_I_Str)
    i.HCMS_Write_Mode                        0x08000e7c   Section        0  hcms.o(i.HCMS_Write_Mode)
    i.HCMS_Write_ONE_Data                    0x08000eec   Section        0  hcms.o(i.HCMS_Write_ONE_Data)
    i.HCMS_init                              0x08000f18   Section        0  hcms.o(i.HCMS_init)
    i.HardFault_Handler                      0x08000f8c   Section        0  stm32f10x_it.o(i.HardFault_Handler)
    i.I2CAck                                 0x08000f90   Section        0  sd3078.o(i.I2CAck)
    I2CAck                                   0x08000f91   Thumb Code    48  sd3078.o(i.I2CAck)
    i.I2CNoAck                               0x08000fc8   Section        0  sd3078.o(i.I2CNoAck)
    I2CNoAck                                 0x08000fc9   Thumb Code    48  sd3078.o(i.I2CNoAck)
    i.I2CReadSerial                          0x08001000   Section        0  sd3078.o(i.I2CReadSerial)
    i.I2CReceiveByte                         0x08001068   Section        0  sd3078.o(i.I2CReceiveByte)
    I2CReceiveByte                           0x08001069   Thumb Code    76  sd3078.o(i.I2CReceiveByte)
    i.I2CSendByte                            0x080010c0   Section        0  sd3078.o(i.I2CSendByte)
    I2CSendByte                              0x080010c1   Thumb Code    76  sd3078.o(i.I2CSendByte)
    i.I2CStart                               0x08001110   Section        0  sd3078.o(i.I2CStart)
    I2CStart                                 0x08001111   Thumb Code    64  sd3078.o(i.I2CStart)
    i.I2CStop                                0x0800115c   Section        0  sd3078.o(i.I2CStop)
    I2CStop                                  0x0800115d   Thumb Code    48  sd3078.o(i.I2CStop)
    i.I2CWaitAck                             0x08001194   Section        0  sd3078.o(i.I2CWaitAck)
    I2CWaitAck                               0x08001195   Thumb Code    62  sd3078.o(i.I2CWaitAck)
    i.I2CWriteSerial                         0x080011e0   Section        0  sd3078.o(i.I2CWriteSerial)
    i.I2Cdelay                               0x08001240   Section        0  sd3078.o(i.I2Cdelay)
    I2Cdelay                                 0x08001241   Thumb Code    14  sd3078.o(i.I2Cdelay)
    i.IWDG_ReloadCounter                     0x08001250   Section        0  stm32f10x_iwdg.o(i.IWDG_ReloadCounter)
    i.KEY_Init                               0x08001260   Section        0  key.o(i.KEY_Init)
    i.LED_Init                               0x080012a0   Section        0  led.o(i.LED_Init)
    i.MemManage_Handler                      0x080012d8   Section        0  stm32f10x_it.o(i.MemManage_Handler)
    i.NMI_Handler                            0x080012dc   Section        0  stm32f10x_it.o(i.NMI_Handler)
    i.NVIC_Init                              0x080012e0   Section        0  misc.o(i.NVIC_Init)
    i.NVIC_PriorityGroupConfig               0x08001350   Section        0  misc.o(i.NVIC_PriorityGroupConfig)
    i.PendSV_Handler                         0x08001364   Section        0  stm32f10x_it.o(i.PendSV_Handler)
    i.RCC_ADCCLKConfig                       0x08001368   Section        0  stm32f10x_rcc.o(i.RCC_ADCCLKConfig)
    i.RCC_AHBPeriphClockCmd                  0x08001380   Section        0  stm32f10x_rcc.o(i.RCC_AHBPeriphClockCmd)
    i.RCC_APB1PeriphClockCmd                 0x080013a0   Section        0  stm32f10x_rcc.o(i.RCC_APB1PeriphClockCmd)
    i.RCC_APB1PeriphResetCmd                 0x080013c0   Section        0  stm32f10x_rcc.o(i.RCC_APB1PeriphResetCmd)
    i.RCC_APB2PeriphClockCmd                 0x080013e0   Section        0  stm32f10x_rcc.o(i.RCC_APB2PeriphClockCmd)
    i.RCC_APB2PeriphResetCmd                 0x08001400   Section        0  stm32f10x_rcc.o(i.RCC_APB2PeriphResetCmd)
    i.RCC_GetClocksFreq                      0x08001420   Section        0  stm32f10x_rcc.o(i.RCC_GetClocksFreq)
    i.RTC_ReadDate                           0x080014f4   Section        0  sd3078.o(i.RTC_ReadDate)
    i.SD3078_Init                            0x0800157c   Section        0  sd3078.o(i.SD3078_Init)
    i.SVC_Handler                            0x080015c0   Section        0  stm32f10x_it.o(i.SVC_Handler)
    i.SetSysClock                            0x080015c2   Section        0  system_stm32f10x.o(i.SetSysClock)
    SetSysClock                              0x080015c3   Thumb Code     8  system_stm32f10x.o(i.SetSysClock)
    i.SetSysClockTo72                        0x080015cc   Section        0  system_stm32f10x.o(i.SetSysClockTo72)
    SetSysClockTo72                          0x080015cd   Thumb Code   214  system_stm32f10x.o(i.SetSysClockTo72)
    i.SysTick_CLKSourceConfig                0x080016ac   Section        0  misc.o(i.SysTick_CLKSourceConfig)
    i.SysTick_Handler                        0x080016d4   Section        0  stm32f10x_it.o(i.SysTick_Handler)
    i.SystemInit                             0x080016d8   Section        0  system_stm32f10x.o(i.SystemInit)
    i.TI1_Config                             0x08001738   Section        0  stm32f10x_tim.o(i.TI1_Config)
    TI1_Config                               0x08001739   Thumb Code   108  stm32f10x_tim.o(i.TI1_Config)
    i.TI2_Config                             0x080017b8   Section        0  stm32f10x_tim.o(i.TI2_Config)
    TI2_Config                               0x080017b9   Thumb Code   130  stm32f10x_tim.o(i.TI2_Config)
    i.TI3_Config                             0x08001850   Section        0  stm32f10x_tim.o(i.TI3_Config)
    TI3_Config                               0x08001851   Thumb Code   122  stm32f10x_tim.o(i.TI3_Config)
    i.TI4_Config                             0x080018e0   Section        0  stm32f10x_tim.o(i.TI4_Config)
    TI4_Config                               0x080018e1   Thumb Code   130  stm32f10x_tim.o(i.TI4_Config)
    i.TIM3_IRQHandler                        0x08001978   Section        0  infraremote.o(i.TIM3_IRQHandler)
    i.TIM4_IRQHandler                        0x08001b00   Section        0  systemtask.o(i.TIM4_IRQHandler)
    i.TIM4_Int_Init                          0x08001c10   Section        0  timer.o(i.TIM4_Int_Init)
    i.TIM_ClearITPendingBit                  0x08001c70   Section        0  stm32f10x_tim.o(i.TIM_ClearITPendingBit)
    i.TIM_Cmd                                0x08001c76   Section        0  stm32f10x_tim.o(i.TIM_Cmd)
    i.TIM_GetCapture3                        0x08001c8e   Section        0  stm32f10x_tim.o(i.TIM_GetCapture3)
    i.TIM_GetITStatus                        0x08001c94   Section        0  stm32f10x_tim.o(i.TIM_GetITStatus)
    i.TIM_ICInit                             0x08001cb8   Section        0  stm32f10x_tim.o(i.TIM_ICInit)
    i.TIM_ITConfig                           0x08001d64   Section        0  stm32f10x_tim.o(i.TIM_ITConfig)
    i.TIM_OC3PolarityConfig                  0x08001d76   Section        0  stm32f10x_tim.o(i.TIM_OC3PolarityConfig)
    i.TIM_SetCounter                         0x08001d90   Section        0  stm32f10x_tim.o(i.TIM_SetCounter)
    i.TIM_SetIC1Prescaler                    0x08001d94   Section        0  stm32f10x_tim.o(i.TIM_SetIC1Prescaler)
    i.TIM_SetIC2Prescaler                    0x08001da6   Section        0  stm32f10x_tim.o(i.TIM_SetIC2Prescaler)
    i.TIM_SetIC3Prescaler                    0x08001dc0   Section        0  stm32f10x_tim.o(i.TIM_SetIC3Prescaler)
    i.TIM_SetIC4Prescaler                    0x08001dd2   Section        0  stm32f10x_tim.o(i.TIM_SetIC4Prescaler)
    i.TIM_TimeBaseInit                       0x08001dec   Section        0  stm32f10x_tim.o(i.TIM_TimeBaseInit)
    i.USART1_IRQHandler                      0x08001e90   Section        0  usart.o(i.USART1_IRQHandler)
    i.USART2_IRQHandler                      0x08001f90   Section        0  usart.o(i.USART2_IRQHandler)
    i.USART3_IRQHandler                      0x080020a4   Section        0  usart.o(i.USART3_IRQHandler)
    i.USART_Cmd                              0x080021cc   Section        0  stm32f10x_usart.o(i.USART_Cmd)
    i.USART_DeInit                           0x080021e4   Section        0  stm32f10x_usart.o(i.USART_DeInit)
    i.USART_GetFlagStatus                    0x08002280   Section        0  stm32f10x_usart.o(i.USART_GetFlagStatus)
    i.USART_GetITStatus                      0x0800229a   Section        0  stm32f10x_usart.o(i.USART_GetITStatus)
    i.USART_ITConfig                         0x080022ee   Section        0  stm32f10x_usart.o(i.USART_ITConfig)
    i.USART_Init                             0x08002338   Section        0  stm32f10x_usart.o(i.USART_Init)
    i.USART_ReceiveData                      0x08002410   Section        0  stm32f10x_usart.o(i.USART_ReceiveData)
    i.USART_SendData                         0x0800241a   Section        0  stm32f10x_usart.o(i.USART_SendData)
    i.UsageFault_Handler                     0x08002422   Section        0  stm32f10x_it.o(i.UsageFault_Handler)
    i.WriteRTC_Disable                       0x08002426   Section        0  sd3078.o(i.WriteRTC_Disable)
    i.WriteRTC_Enable                        0x0800246c   Section        0  sd3078.o(i.WriteRTC_Enable)
    i.__0printf                              0x080024d0   Section        0  printfa.o(i.__0printf)
    i.__0vsprintf                            0x080024f0   Section        0  printfa.o(i.__0vsprintf)
    i.__scatterload_copy                     0x08002514   Section       14  handlers.o(i.__scatterload_copy)
    i.__scatterload_null                     0x08002522   Section        2  handlers.o(i.__scatterload_null)
    i.__scatterload_zeroinit                 0x08002524   Section       14  handlers.o(i.__scatterload_zeroinit)
    i._fp_digits                             0x08002534   Section        0  printfa.o(i._fp_digits)
    _fp_digits                               0x08002535   Thumb Code   366  printfa.o(i._fp_digits)
    i._printf_core                           0x080026b8   Section        0  printfa.o(i._printf_core)
    _printf_core                             0x080026b9   Thumb Code  1744  printfa.o(i._printf_core)
    i._printf_post_padding                   0x08002d94   Section        0  printfa.o(i._printf_post_padding)
    _printf_post_padding                     0x08002d95   Thumb Code    36  printfa.o(i._printf_post_padding)
    i._printf_pre_padding                    0x08002db8   Section        0  printfa.o(i._printf_pre_padding)
    _printf_pre_padding                      0x08002db9   Thumb Code    46  printfa.o(i._printf_pre_padding)
    i._sputc                                 0x08002de6   Section        0  printfa.o(i._sputc)
    _sputc                                   0x08002de7   Thumb Code    10  printfa.o(i._sputc)
    i.beepCmd                                0x08002df0   Section        0  beep.o(i.beepCmd)
    i.beepInit                               0x08002e10   Section        0  beep.o(i.beepInit)
    i.delay_init                             0x08002e44   Section        0  delay.o(i.delay_init)
    i.delay_ms                               0x08002e88   Section        0  delay.o(i.delay_ms)
    i.delay_us                               0x08002ed4   Section        0  delay.o(i.delay_us)
    i.fputc                                  0x08002f20   Section        0  usart.o(i.fputc)
    i.infraAnalysis                          0x08002f3c   Section        0  infraremote.o(i.infraAnalysis)
    i.infraRemote_Init                       0x080030ac   Section        0  infraremote.o(i.infraRemote_Init)
    i.infraRemote_Scan                       0x08003164   Section        0  infraremote.o(i.infraRemote_Scan)
    i.main                                   0x080031c4   Section        0  main.o(i.main)
    i.myabs                                  0x080031fc   Section        0  systemtask.o(i.myabs)
    myabs                                    0x080031fd   Thumb Code    18  systemtask.o(i.myabs)
    i.systemInit                             0x08003210   Section        0  systemtask.o(i.systemInit)
    i.systemLoop                             0x080033f4   Section        0  systemtask.o(i.systemLoop)
    i.u1_printf                              0x08003754   Section        0  usart.o(i.u1_printf)
    i.uart1_init                             0x080037a4   Section        0  usart.o(i.uart1_init)
    i.uart3_init                             0x08003848   Section        0  usart.o(i.uart3_init)
    .constdata                               0x080038f8   Section     1235  hcms.o(.constdata)
    .data                                    0x20000000   Section       20  system_stm32f10x.o(.data)
    .data                                    0x20000014   Section       52  systemtask.o(.data)
    tick                                     0x20000014   Data           4  systemtask.o(.data)
    infiraLastWakeTime                       0x20000044   Data           4  systemtask.o(.data)
    .data                                    0x20000048   Section       12  sd3078.o(.data)
    .data                                    0x20000054   Section        4  delay.o(.data)
    fac_us                                   0x20000054   Data           1  delay.o(.data)
    fac_ms                                   0x20000056   Data           2  delay.o(.data)
    .data                                    0x20000058   Section       16  usart.o(.data)
    .data                                    0x20000068   Section       20  stm32f10x_rcc.o(.data)
    APBAHBPrescTable                         0x20000068   Data          16  stm32f10x_rcc.o(.data)
    ADCPrescTable                            0x20000078   Data           4  stm32f10x_rcc.o(.data)
    .bss                                     0x2000007c   Section      128  systemtask.o(.bss)
    .bss                                     0x200000fc   Section       12  infraremote.o(.bss)
    .bss                                     0x20000108   Section     4568  usart.o(.bss)
    STACK                                    0x200012e0   Section     1024  startup_stm32f10x_md.o(STACK)

    Global Symbols

    Symbol Name                              Value     Ov Type        Size  Object(Section)

    BuildAttributes$$THM_ISAv4$P$D$K$B$S$PE$A:L22UL41UL21$X:L11$S22US41US21$IEEE1$IW$USESV6$~STKCKD$USESV7$~SHL$OSPACE$ROPI$EBA8$MICROLIB$REQ8$PRES8$EABIv2 0x00000000   Number         0  anon$$obj.o ABSOLUTE
    __ARM_use_no_argv                        0x00000000   Number         0  main.o ABSOLUTE
    __use_no_errno                           0x00000000   Number         0  useno.o ABSOLUTE
    __use_no_exception_handling              0x00000000   Number         0  useno.o ABSOLUTE
    __use_no_fp                              0x00000000   Number         0  useno.o ABSOLUTE
    __use_no_heap                            0x00000000   Number         0  useno.o ABSOLUTE
    __use_no_heap_region                     0x00000000   Number         0  useno.o ABSOLUTE
    __use_no_semihosting                     0x00000000   Number         0  useno.o ABSOLUTE
    __use_no_semihosting_swi                 0x00000000   Number         0  useno.o ABSOLUTE
    __use_no_signal_handling                 0x00000000   Number         0  useno.o ABSOLUTE
    _printf_a                                0x00000000   Number         0  stubs.o ABSOLUTE
    _printf_c                                0x00000000   Number         0  stubs.o ABSOLUTE
    _printf_charcount                        0x00000000   Number         0  stubs.o ABSOLUTE
    _printf_d                                0x00000000   Number         0  stubs.o ABSOLUTE
    _printf_e                                0x00000000   Number         0  stubs.o ABSOLUTE
    _printf_f                                0x00000000   Number         0  stubs.o ABSOLUTE
    _printf_flags                            0x00000000   Number         0  stubs.o ABSOLUTE
    _printf_fp_dec                           0x00000000   Number         0  stubs.o ABSOLUTE
    _printf_fp_hex                           0x00000000   Number         0  stubs.o ABSOLUTE
    _printf_g                                0x00000000   Number         0  stubs.o ABSOLUTE
    _printf_i                                0x00000000   Number         0  stubs.o ABSOLUTE
    _printf_int_dec                          0x00000000   Number         0  stubs.o ABSOLUTE
    _printf_l                                0x00000000   Number         0  stubs.o ABSOLUTE
    _printf_lc                               0x00000000   Number         0  stubs.o ABSOLUTE
    _printf_ll                               0x00000000   Number         0  stubs.o ABSOLUTE
    _printf_lld                              0x00000000   Number         0  stubs.o ABSOLUTE
    _printf_lli                              0x00000000   Number         0  stubs.o ABSOLUTE
    _printf_llo                              0x00000000   Number         0  stubs.o ABSOLUTE
    _printf_llu                              0x00000000   Number         0  stubs.o ABSOLUTE
    _printf_llx                              0x00000000   Number         0  stubs.o ABSOLUTE
    _printf_longlong_dec                     0x00000000   Number         0  stubs.o ABSOLUTE
    _printf_longlong_hex                     0x00000000   Number         0  stubs.o ABSOLUTE
    _printf_longlong_oct                     0x00000000   Number         0  stubs.o ABSOLUTE
    _printf_ls                               0x00000000   Number         0  stubs.o ABSOLUTE
    _printf_mbtowc                           0x00000000   Number         0  stubs.o ABSOLUTE
    _printf_n                                0x00000000   Number         0  stubs.o ABSOLUTE
    _printf_o                                0x00000000   Number         0  stubs.o ABSOLUTE
    _printf_p                                0x00000000   Number         0  stubs.o ABSOLUTE
    _printf_percent                          0x00000000   Number         0  stubs.o ABSOLUTE
    _printf_pre_padding                      0x00000000   Number         0  stubs.o ABSOLUTE
    _printf_return_value                     0x00000000   Number         0  stubs.o ABSOLUTE
    _printf_s                                0x00000000   Number         0  stubs.o ABSOLUTE
    _printf_sizespec                         0x00000000   Number         0  stubs.o ABSOLUTE
    _printf_str                              0x00000000   Number         0  stubs.o ABSOLUTE
    _printf_truncate_signed                  0x00000000   Number         0  stubs.o ABSOLUTE
    _printf_truncate_unsigned                0x00000000   Number         0  stubs.o ABSOLUTE
    _printf_u                                0x00000000   Number         0  stubs.o ABSOLUTE
    _printf_wc                               0x00000000   Number         0  stubs.o ABSOLUTE
    _printf_wctomb                           0x00000000   Number         0  stubs.o ABSOLUTE
    _printf_widthprec                        0x00000000   Number         0  stubs.o ABSOLUTE
    _printf_x                                0x00000000   Number         0  stubs.o ABSOLUTE
    __cpp_initialize__aeabi_                  - Undefined Weak Reference
    __cxa_finalize                            - Undefined Weak Reference
    __decompress                              - Undefined Weak Reference
    _clock_init                               - Undefined Weak Reference
    _microlib_exit                            - Undefined Weak Reference
    __Vectors_Size                           0x000000ec   Number         0  startup_stm32f10x_md.o ABSOLUTE
    __Vectors                                0x08000000   Data           4  startup_stm32f10x_md.o(RESET)
    __Vectors_End                            0x080000ec   Data           0  startup_stm32f10x_md.o(RESET)
    __main                                   0x080000ed   Thumb Code     0  entry.o(.ARM.Collect$$$$00000000)
    _main_stk                                0x080000ed   Thumb Code     0  entry2.o(.ARM.Collect$$$$00000001)
    _main_scatterload                        0x080000f1   Thumb Code     0  entry5.o(.ARM.Collect$$$$00000004)
    __main_after_scatterload                 0x080000f5   Thumb Code     0  entry5.o(.ARM.Collect$$$$00000004)
    _main_clock                              0x080000f5   Thumb Code     0  entry7b.o(.ARM.Collect$$$$00000008)
    _main_cpp_init                           0x080000f5   Thumb Code     0  entry8b.o(.ARM.Collect$$$$0000000A)
    _main_init                               0x080000f5   Thumb Code     0  entry9a.o(.ARM.Collect$$$$0000000B)
    __rt_final_cpp                           0x080000fd   Thumb Code     0  entry10a.o(.ARM.Collect$$$$0000000D)
    __rt_final_exit                          0x080000fd   Thumb Code     0  entry11a.o(.ARM.Collect$$$$0000000F)
    Reset_Handler                            0x08000101   Thumb Code     8  startup_stm32f10x_md.o(.text)
    ADC1_2_IRQHandler                        0x0800011b   Thumb Code     0  startup_stm32f10x_md.o(.text)
    CAN1_RX1_IRQHandler                      0x0800011b   Thumb Code     0  startup_stm32f10x_md.o(.text)
    CAN1_SCE_IRQHandler                      0x0800011b   Thumb Code     0  startup_stm32f10x_md.o(.text)
    DMA1_Channel1_IRQHandler                 0x0800011b   Thumb Code     0  startup_stm32f10x_md.o(.text)
    DMA1_Channel2_IRQHandler                 0x0800011b   Thumb Code     0  startup_stm32f10x_md.o(.text)
    DMA1_Channel3_IRQHandler                 0x0800011b   Thumb Code     0  startup_stm32f10x_md.o(.text)
    DMA1_Channel4_IRQHandler                 0x0800011b   Thumb Code     0  startup_stm32f10x_md.o(.text)
    DMA1_Channel5_IRQHandler                 0x0800011b   Thumb Code     0  startup_stm32f10x_md.o(.text)
    DMA1_Channel6_IRQHandler                 0x0800011b   Thumb Code     0  startup_stm32f10x_md.o(.text)
    DMA1_Channel7_IRQHandler                 0x0800011b   Thumb Code     0  startup_stm32f10x_md.o(.text)
    EXTI0_IRQHandler                         0x0800011b   Thumb Code     0  startup_stm32f10x_md.o(.text)
    EXTI15_10_IRQHandler                     0x0800011b   Thumb Code     0  startup_stm32f10x_md.o(.text)
    EXTI1_IRQHandler                         0x0800011b   Thumb Code     0  startup_stm32f10x_md.o(.text)
    EXTI2_IRQHandler                         0x0800011b   Thumb Code     0  startup_stm32f10x_md.o(.text)
    EXTI3_IRQHandler                         0x0800011b   Thumb Code     0  startup_stm32f10x_md.o(.text)
    EXTI4_IRQHandler                         0x0800011b   Thumb Code     0  startup_stm32f10x_md.o(.text)
    FLASH_IRQHandler                         0x0800011b   Thumb Code     0  startup_stm32f10x_md.o(.text)
    I2C1_ER_IRQHandler                       0x0800011b   Thumb Code     0  startup_stm32f10x_md.o(.text)
    I2C1_EV_IRQHandler                       0x0800011b   Thumb Code     0  startup_stm32f10x_md.o(.text)
    I2C2_ER_IRQHandler                       0x0800011b   Thumb Code     0  startup_stm32f10x_md.o(.text)
    I2C2_EV_IRQHandler                       0x0800011b   Thumb Code     0  startup_stm32f10x_md.o(.text)
    PVD_IRQHandler                           0x0800011b   Thumb Code     0  startup_stm32f10x_md.o(.text)
    RCC_IRQHandler                           0x0800011b   Thumb Code     0  startup_stm32f10x_md.o(.text)
    RTCAlarm_IRQHandler                      0x0800011b   Thumb Code     0  startup_stm32f10x_md.o(.text)
    RTC_IRQHandler                           0x0800011b   Thumb Code     0  startup_stm32f10x_md.o(.text)
    SPI1_IRQHandler                          0x0800011b   Thumb Code     0  startup_stm32f10x_md.o(.text)
    SPI2_IRQHandler                          0x0800011b   Thumb Code     0  startup_stm32f10x_md.o(.text)
    TAMPER_IRQHandler                        0x0800011b   Thumb Code     0  startup_stm32f10x_md.o(.text)
    TIM1_BRK_IRQHandler                      0x0800011b   Thumb Code     0  startup_stm32f10x_md.o(.text)
    TIM1_CC_IRQHandler                       0x0800011b   Thumb Code     0  startup_stm32f10x_md.o(.text)
    TIM1_TRG_COM_IRQHandler                  0x0800011b   Thumb Code     0  startup_stm32f10x_md.o(.text)
    TIM1_UP_IRQHandler                       0x0800011b   Thumb Code     0  startup_stm32f10x_md.o(.text)
    TIM2_IRQHandler                          0x0800011b   Thumb Code     0  startup_stm32f10x_md.o(.text)
    USBWakeUp_IRQHandler                     0x0800011b   Thumb Code     0  startup_stm32f10x_md.o(.text)
    USB_HP_CAN1_TX_IRQHandler                0x0800011b   Thumb Code     0  startup_stm32f10x_md.o(.text)
    USB_LP_CAN1_RX0_IRQHandler               0x0800011b   Thumb Code     0  startup_stm32f10x_md.o(.text)
    WWDG_IRQHandler                          0x0800011b   Thumb Code     0  startup_stm32f10x_md.o(.text)
    strlen                                   0x08000125   Thumb Code    14  strlen.o(.text)
    __aeabi_uidiv                            0x08000133   Thumb Code     0  uidiv.o(.text)
    __aeabi_uidivmod                         0x08000133   Thumb Code    44  uidiv.o(.text)
    __aeabi_uldivmod                         0x0800015f   Thumb Code    98  uldiv.o(.text)
    __I$use$fp                               0x080001c1   Thumb Code     0  iusefp.o(.text)
    __aeabi_dadd                             0x080001c1   Thumb Code   322  dadd.o(.text)
    __aeabi_dsub                             0x08000303   Thumb Code     6  dadd.o(.text)
    __aeabi_drsub                            0x08000309   Thumb Code     6  dadd.o(.text)
    __aeabi_dmul                             0x0800030f   Thumb Code   228  dmul.o(.text)
    __aeabi_ddiv                             0x080003f3   Thumb Code   222  ddiv.o(.text)
    __aeabi_d2ulz                            0x080004d1   Thumb Code    48  dfixul.o(.text)
    __aeabi_cdrcmple                         0x08000501   Thumb Code    48  cdrcmple.o(.text)
    __scatterload                            0x08000531   Thumb Code    28  init.o(.text)
    __scatterload_rt2                        0x08000531   Thumb Code     0  init.o(.text)
    __aeabi_llsl                             0x08000555   Thumb Code    30  llshl.o(.text)
    _ll_shift_l                              0x08000555   Thumb Code     0  llshl.o(.text)
    __aeabi_llsr                             0x08000573   Thumb Code    32  llushr.o(.text)
    _ll_ushift_r                             0x08000573   Thumb Code     0  llushr.o(.text)
    __aeabi_lasr                             0x08000593   Thumb Code    36  llsshr.o(.text)
    _ll_sshift_r                             0x08000593   Thumb Code     0  llsshr.o(.text)
    _double_round                            0x080005b7   Thumb Code    30  depilogue.o(.text)
    _double_epilogue                         0x080005d5   Thumb Code   156  depilogue.o(.text)
    ADC_Cmd                                  0x08000671   Thumb Code    22  stm32f10x_adc.o(i.ADC_Cmd)
    ADC_DeInit                               0x08000689   Thumb Code    78  stm32f10x_adc.o(i.ADC_DeInit)
    ADC_GetCalibrationStatus                 0x080006e5   Thumb Code    20  stm32f10x_adc.o(i.ADC_GetCalibrationStatus)
    ADC_GetConversionValue                   0x080006f9   Thumb Code     8  stm32f10x_adc.o(i.ADC_GetConversionValue)
    ADC_GetFlagStatus                        0x08000701   Thumb Code    18  stm32f10x_adc.o(i.ADC_GetFlagStatus)
    ADC_GetResetCalibrationStatus            0x08000713   Thumb Code    20  stm32f10x_adc.o(i.ADC_GetResetCalibrationStatus)
    ADC_Init                                 0x08000729   Thumb Code    70  stm32f10x_adc.o(i.ADC_Init)
    ADC_RegularChannelConfig                 0x08000779   Thumb Code   184  stm32f10x_adc.o(i.ADC_RegularChannelConfig)
    ADC_ResetCalibration                     0x08000831   Thumb Code    10  stm32f10x_adc.o(i.ADC_ResetCalibration)
    ADC_SoftwareStartConvCmd                 0x0800083b   Thumb Code    22  stm32f10x_adc.o(i.ADC_SoftwareStartConvCmd)
    ADC_StartCalibration                     0x08000851   Thumb Code    10  stm32f10x_adc.o(i.ADC_StartCalibration)
    Adc_Init                                 0x0800085d   Thumb Code   160  adc.o(i.Adc_Init)
    BCDtoNum                                 0x08000905   Thumb Code    20  sd3078.o(i.BCDtoNum)
    BusFault_Handler                         0x08000919   Thumb Code     4  stm32f10x_it.o(i.BusFault_Handler)
    DebugMon_Handler                         0x0800091d   Thumb Code     2  stm32f10x_it.o(i.DebugMon_Handler)
    EXTI9_5_IRQHandler                       0x0800091f   Thumb Code     2  systemtask.o(i.EXTI9_5_IRQHandler)
    GPIO_Init                                0x08000921   Thumb Code   278  stm32f10x_gpio.o(i.GPIO_Init)
    GPIO_ReadInputDataBit                    0x08000a37   Thumb Code    18  stm32f10x_gpio.o(i.GPIO_ReadInputDataBit)
    GPIO_ResetBits                           0x08000a49   Thumb Code     4  stm32f10x_gpio.o(i.GPIO_ResetBits)
    GPIO_SetBits                             0x08000a4d   Thumb Code     4  stm32f10x_gpio.o(i.GPIO_SetBits)
    Get_Adc                                  0x08000a51   Thumb Code    46  adc.o(i.Get_Adc)
    Get_Adc_Average                          0x08000a85   Thumb Code    46  adc.o(i.Get_Adc_Average)
    HCMS_Brightness                          0x08000ab3   Thumb Code   204  hcms.o(i.HCMS_Brightness)
    HCMS_Write_Byte                          0x08000b81   Thumb Code    68  hcms.o(i.HCMS_Write_Byte)
    HCMS_Write_CMD                           0x08000bcd   Thumb Code    88  hcms.o(i.HCMS_Write_CMD)
    HCMS_Write_Done                          0x08000c2d   Thumb Code    42  hcms.o(i.HCMS_Write_Done)
    HCMS_Write_II_Str                        0x08000c61   Thumb Code   466  hcms.o(i.HCMS_Write_II_Str)
    HCMS_Write_I_Str                         0x08000e33   Thumb Code    74  hcms.o(i.HCMS_Write_I_Str)
    HCMS_Write_Mode                          0x08000e7d   Thumb Code   104  hcms.o(i.HCMS_Write_Mode)
    HCMS_Write_ONE_Data                      0x08000eed   Thumb Code    38  hcms.o(i.HCMS_Write_ONE_Data)
    HCMS_init                                0x08000f19   Thumb Code   104  hcms.o(i.HCMS_init)
    HardFault_Handler                        0x08000f8d   Thumb Code     4  stm32f10x_it.o(i.HardFault_Handler)
    I2CReadSerial                            0x08001001   Thumb Code   104  sd3078.o(i.I2CReadSerial)
    I2CWriteSerial                           0x080011e1   Thumb Code    96  sd3078.o(i.I2CWriteSerial)
    IWDG_ReloadCounter                       0x08001251   Thumb Code    10  stm32f10x_iwdg.o(i.IWDG_ReloadCounter)
    KEY_Init                                 0x08001261   Thumb Code    54  key.o(i.KEY_Init)
    LED_Init                                 0x080012a1   Thumb Code    50  led.o(i.LED_Init)
    MemManage_Handler                        0x080012d9   Thumb Code     4  stm32f10x_it.o(i.MemManage_Handler)
    NMI_Handler                              0x080012dd   Thumb Code     2  stm32f10x_it.o(i.NMI_Handler)
    NVIC_Init                                0x080012e1   Thumb Code   100  misc.o(i.NVIC_Init)
    NVIC_PriorityGroupConfig                 0x08001351   Thumb Code    10  misc.o(i.NVIC_PriorityGroupConfig)
    PendSV_Handler                           0x08001365   Thumb Code     2  stm32f10x_it.o(i.PendSV_Handler)
    RCC_ADCCLKConfig                         0x08001369   Thumb Code    18  stm32f10x_rcc.o(i.RCC_ADCCLKConfig)
    RCC_AHBPeriphClockCmd                    0x08001381   Thumb Code    26  stm32f10x_rcc.o(i.RCC_AHBPeriphClockCmd)
    RCC_APB1PeriphClockCmd                   0x080013a1   Thumb Code    26  stm32f10x_rcc.o(i.RCC_APB1PeriphClockCmd)
    RCC_APB1PeriphResetCmd                   0x080013c1   Thumb Code    26  stm32f10x_rcc.o(i.RCC_APB1PeriphResetCmd)
    RCC_APB2PeriphClockCmd                   0x080013e1   Thumb Code    26  stm32f10x_rcc.o(i.RCC_APB2PeriphClockCmd)
    RCC_APB2PeriphResetCmd                   0x08001401   Thumb Code    26  stm32f10x_rcc.o(i.RCC_APB2PeriphResetCmd)
    RCC_GetClocksFreq                        0x08001421   Thumb Code   192  stm32f10x_rcc.o(i.RCC_GetClocksFreq)
    RTC_ReadDate                             0x080014f5   Thumb Code   134  sd3078.o(i.RTC_ReadDate)
    SD3078_Init                              0x0800157d   Thumb Code    62  sd3078.o(i.SD3078_Init)
    SVC_Handler                              0x080015c1   Thumb Code     2  stm32f10x_it.o(i.SVC_Handler)
    SysTick_CLKSourceConfig                  0x080016ad   Thumb Code    40  misc.o(i.SysTick_CLKSourceConfig)
    SysTick_Handler                          0x080016d5   Thumb Code     2  stm32f10x_it.o(i.SysTick_Handler)
    SystemInit                               0x080016d9   Thumb Code    78  system_stm32f10x.o(i.SystemInit)
    TIM3_IRQHandler                          0x08001979   Thumb Code   380  infraremote.o(i.TIM3_IRQHandler)
    TIM4_IRQHandler                          0x08001b01   Thumb Code   260  systemtask.o(i.TIM4_IRQHandler)
    TIM4_Int_Init                            0x08001c11   Thumb Code    90  timer.o(i.TIM4_Int_Init)
    TIM_ClearITPendingBit                    0x08001c71   Thumb Code     6  stm32f10x_tim.o(i.TIM_ClearITPendingBit)
    TIM_Cmd                                  0x08001c77   Thumb Code    24  stm32f10x_tim.o(i.TIM_Cmd)
    TIM_GetCapture3                          0x08001c8f   Thumb Code     6  stm32f10x_tim.o(i.TIM_GetCapture3)
    TIM_GetITStatus                          0x08001c95   Thumb Code    34  stm32f10x_tim.o(i.TIM_GetITStatus)
    TIM_ICInit                               0x08001cb9   Thumb Code   150  stm32f10x_tim.o(i.TIM_ICInit)
    TIM_ITConfig                             0x08001d65   Thumb Code    18  stm32f10x_tim.o(i.TIM_ITConfig)
    TIM_OC3PolarityConfig                    0x08001d77   Thumb Code    26  stm32f10x_tim.o(i.TIM_OC3PolarityConfig)
    TIM_SetCounter                           0x08001d91   Thumb Code     4  stm32f10x_tim.o(i.TIM_SetCounter)
    TIM_SetIC1Prescaler                      0x08001d95   Thumb Code    18  stm32f10x_tim.o(i.TIM_SetIC1Prescaler)
    TIM_SetIC2Prescaler                      0x08001da7   Thumb Code    26  stm32f10x_tim.o(i.TIM_SetIC2Prescaler)
    TIM_SetIC3Prescaler                      0x08001dc1   Thumb Code    18  stm32f10x_tim.o(i.TIM_SetIC3Prescaler)
    TIM_SetIC4Prescaler                      0x08001dd3   Thumb Code    26  stm32f10x_tim.o(i.TIM_SetIC4Prescaler)
    TIM_TimeBaseInit                         0x08001ded   Thumb Code   122  stm32f10x_tim.o(i.TIM_TimeBaseInit)
    USART1_IRQHandler                        0x08001e91   Thumb Code   220  usart.o(i.USART1_IRQHandler)
    USART2_IRQHandler                        0x08001f91   Thumb Code   244  usart.o(i.USART2_IRQHandler)
    USART3_IRQHandler                        0x080020a5   Thumb Code   252  usart.o(i.USART3_IRQHandler)
    USART_Cmd                                0x080021cd   Thumb Code    24  stm32f10x_usart.o(i.USART_Cmd)
    USART_DeInit                             0x080021e5   Thumb Code   134  stm32f10x_usart.o(i.USART_DeInit)
    USART_GetFlagStatus                      0x08002281   Thumb Code    26  stm32f10x_usart.o(i.USART_GetFlagStatus)
    USART_GetITStatus                        0x0800229b   Thumb Code    84  stm32f10x_usart.o(i.USART_GetITStatus)
    USART_ITConfig                           0x080022ef   Thumb Code    74  stm32f10x_usart.o(i.USART_ITConfig)
    USART_Init                               0x08002339   Thumb Code   210  stm32f10x_usart.o(i.USART_Init)
    USART_ReceiveData                        0x08002411   Thumb Code    10  stm32f10x_usart.o(i.USART_ReceiveData)
    USART_SendData                           0x0800241b   Thumb Code     8  stm32f10x_usart.o(i.USART_SendData)
    UsageFault_Handler                       0x08002423   Thumb Code     4  stm32f10x_it.o(i.UsageFault_Handler)
    WriteRTC_Disable                         0x08002427   Thumb Code    70  sd3078.o(i.WriteRTC_Disable)
    WriteRTC_Enable                          0x0800246d   Thumb Code    98  sd3078.o(i.WriteRTC_Enable)
    __0printf                                0x080024d1   Thumb Code    22  printfa.o(i.__0printf)
    __1printf                                0x080024d1   Thumb Code     0  printfa.o(i.__0printf)
    __2printf                                0x080024d1   Thumb Code     0  printfa.o(i.__0printf)
    __c89printf                              0x080024d1   Thumb Code     0  printfa.o(i.__0printf)
    printf                                   0x080024d1   Thumb Code     0  printfa.o(i.__0printf)
    __0vsprintf                              0x080024f1   Thumb Code    30  printfa.o(i.__0vsprintf)
    __1vsprintf                              0x080024f1   Thumb Code     0  printfa.o(i.__0vsprintf)
    __2vsprintf                              0x080024f1   Thumb Code     0  printfa.o(i.__0vsprintf)
    __c89vsprintf                            0x080024f1   Thumb Code     0  printfa.o(i.__0vsprintf)
    vsprintf                                 0x080024f1   Thumb Code     0  printfa.o(i.__0vsprintf)
    __scatterload_copy                       0x08002515   Thumb Code    14  handlers.o(i.__scatterload_copy)
    __scatterload_null                       0x08002523   Thumb Code     2  handlers.o(i.__scatterload_null)
    __scatterload_zeroinit                   0x08002525   Thumb Code    14  handlers.o(i.__scatterload_zeroinit)
    beepCmd                                  0x08002df1   Thumb Code    28  beep.o(i.beepCmd)
    beepInit                                 0x08002e11   Thumb Code    46  beep.o(i.beepInit)
    delay_init                               0x08002e45   Thumb Code    50  delay.o(i.delay_init)
    delay_ms                                 0x08002e89   Thumb Code    72  delay.o(i.delay_ms)
    delay_us                                 0x08002ed5   Thumb Code    72  delay.o(i.delay_us)
    fputc                                    0x08002f21   Thumb Code    24  usart.o(i.fputc)
    infraAnalysis                            0x08002f3d   Thumb Code   356  infraremote.o(i.infraAnalysis)
    infraRemote_Init                         0x080030ad   Thumb Code   176  infraremote.o(i.infraRemote_Init)
    infraRemote_Scan                         0x08003165   Thumb Code    90  infraremote.o(i.infraRemote_Scan)
    main                                     0x080031c5   Thumb Code    38  main.o(i.main)
    systemInit                               0x08003211   Thumb Code   288  systemtask.o(i.systemInit)
    systemLoop                               0x080033f5   Thumb Code   748  systemtask.o(i.systemLoop)
    u1_printf                                0x08003755   Thumb Code    72  usart.o(i.u1_printf)
    uart1_init                               0x080037a5   Thumb Code   154  usart.o(i.uart1_init)
    uart3_init                               0x08003849   Thumb Code   166  usart.o(i.uart3_init)
    Fonth                                    0x080038f8   Data         760  hcms.o(.constdata)
    Four_Fonth                               0x08003bf0   Data         475  hcms.o(.constdata)
    Region$$Table$$Base                      0x08003dcc   Number         0  anon$$obj.o(Region$$Table)
    Region$$Table$$Limit                     0x08003dec   Number         0  anon$$obj.o(Region$$Table)
    SystemCoreClock                          0x20000000   Data           4  system_stm32f10x.o(.data)
    AHBPrescTable                            0x20000004   Data          16  system_stm32f10x.o(.data)
    time_init                                0x20000018   Data           7  systemtask.o(.data)
    Alarm_init                               0x2000001f   Data           7  systemtask.o(.data)
    sysTime                                  0x20000026   Data           7  systemtask.o(.data)
    ADC_data                                 0x2000002e   Data           2  systemtask.o(.data)
    COUNT                                    0x20000030   Data           2  systemtask.o(.data)
    IR_num                                   0x20000032   Data           2  systemtask.o(.data)
    Point_flick                              0x20000034   Data           2  systemtask.o(.data)
    UI_num                                   0x20000036   Data           2  systemtask.o(.data)
    KEY_valu                                 0x20000038   Data           1  systemtask.o(.data)
    Show_Mode                                0x20000039   Data           1  systemtask.o(.data)
    Check_sta                                0x2000003a   Data           1  systemtask.o(.data)
    Tem_int                                  0x2000003c   Data           2  systemtask.o(.data)
    Temperature                              0x20000040   Data           4  systemtask.o(.data)
    data_Buf                                 0x20000048   Data           8  sd3078.o(.data)
    VBAT_Buf                                 0x20000050   Data           2  sd3078.o(.data)
    VBAT_VAL                                 0x20000052   Data           2  sd3078.o(.data)
    __stdout                                 0x20000058   Data           4  usart.o(.data)
    TxCounter3                               0x2000005c   Data           1  usart.o(.data)
    count3                                   0x2000005d   Data           1  usart.o(.data)
    USART3_RX_STA                            0x2000005e   Data           2  usart.o(.data)
    TxCounter2                               0x20000060   Data           1  usart.o(.data)
    count2                                   0x20000061   Data           1  usart.o(.data)
    USART2_RX_STA                            0x20000062   Data           2  usart.o(.data)
    TxCounter1                               0x20000064   Data           1  usart.o(.data)
    count1                                   0x20000065   Data           1  usart.o(.data)
    USART1_RX_STA                            0x20000066   Data           2  usart.o(.data)
    tasksStatus                              0x2000007c   Data          12  systemtask.o(.bss)
    SENDBUF                                  0x20000088   Data         100  systemtask.o(.bss)
    Dis_BUF                                  0x200000ec   Data          16  systemtask.o(.bss)
    infraRecStatus                           0x200000fc   Data          12  infraremote.o(.bss)
    USART3_TX_BUF                            0x20000108   Data         600  usart.o(.bss)
    USART3_RX_BUF                            0x20000360   Data         600  usart.o(.bss)
    USART_RX_BUF                             0x200005b8   Data         200  usart.o(.bss)
    TxBuffer3                                0x20000680   Data         256  usart.o(.bss)
    USART2_TX_BUF                            0x20000780   Data         600  usart.o(.bss)
    USART2_RX_BUF                            0x200009d8   Data         600  usart.o(.bss)
    TxBuffer2                                0x20000c30   Data         256  usart.o(.bss)
    USART1_TX_BUF                            0x20000d30   Data         600  usart.o(.bss)
    USART1_RX_BUF                            0x20000f88   Data         600  usart.o(.bss)
    TxBuffer1                                0x200011e0   Data         256  usart.o(.bss)
    __initial_sp                             0x200016e0   Data           0  startup_stm32f10x_md.o(STACK)



==============================================================================

Memory Map of the image

  Image Entry point : 0x080000ed

  Load Region LR_IROM1 (Base: 0x08000000, Size: 0x00003e68, Max: 0x00010000, ABSOLUTE)

    Execution Region ER_IROM1 (Exec base: 0x08000000, Load base: 0x08000000, Size: 0x00003dec, Max: 0x00010000, ABSOLUTE)

    Exec Addr    Load Addr    Size         Type   Attr      Idx    E Section Name        Object

    0x08000000   0x08000000   0x000000ec   Data   RO          770    RESET               startup_stm32f10x_md.o
    0x080000ec   0x080000ec   0x00000000   Code   RO         2840  * .ARM.Collect$$$$00000000  mc_w.l(entry.o)
    0x080000ec   0x080000ec   0x00000004   Code   RO         3106    .ARM.Collect$$$$00000001  mc_w.l(entry2.o)
    0x080000f0   0x080000f0   0x00000004   Code   RO         3109    .ARM.Collect$$$$00000004  mc_w.l(entry5.o)
    0x080000f4   0x080000f4   0x00000000   Code   RO         3111    .ARM.Collect$$$$00000008  mc_w.l(entry7b.o)
    0x080000f4   0x080000f4   0x00000000   Code   RO         3113    .ARM.Collect$$$$0000000A  mc_w.l(entry8b.o)
    0x080000f4   0x080000f4   0x00000008   Code   RO         3114    .ARM.Collect$$$$0000000B  mc_w.l(entry9a.o)
    0x080000fc   0x080000fc   0x00000000   Code   RO         3116    .ARM.Collect$$$$0000000D  mc_w.l(entry10a.o)
    0x080000fc   0x080000fc   0x00000000   Code   RO         3118    .ARM.Collect$$$$0000000F  mc_w.l(entry11a.o)
    0x080000fc   0x080000fc   0x00000004   Code   RO         3107    .ARM.Collect$$$$00002712  mc_w.l(entry2.o)
    0x08000100   0x08000100   0x00000024   Code   RO          771    .text               startup_stm32f10x_md.o
    0x08000124   0x08000124   0x0000000e   Code   RO         2843    .text               mc_w.l(strlen.o)
    0x08000132   0x08000132   0x0000002c   Code   RO         3120    .text               mc_w.l(uidiv.o)
    0x0800015e   0x0800015e   0x00000062   Code   RO         3122    .text               mc_w.l(uldiv.o)
    0x080001c0   0x080001c0   0x00000000   Code   RO         3124    .text               mc_w.l(iusefp.o)
    0x080001c0   0x080001c0   0x0000014e   Code   RO         3125    .text               mf_w.l(dadd.o)
    0x0800030e   0x0800030e   0x000000e4   Code   RO         3127    .text               mf_w.l(dmul.o)
    0x080003f2   0x080003f2   0x000000de   Code   RO         3129    .text               mf_w.l(ddiv.o)
    0x080004d0   0x080004d0   0x00000030   Code   RO         3131    .text               mf_w.l(dfixul.o)
    0x08000500   0x08000500   0x00000030   Code   RO         3133    .text               mf_w.l(cdrcmple.o)
    0x08000530   0x08000530   0x00000024   Code   RO         3135    .text               mc_w.l(init.o)
    0x08000554   0x08000554   0x0000001e   Code   RO         3137    .text               mc_w.l(llshl.o)
    0x08000572   0x08000572   0x00000020   Code   RO         3139    .text               mc_w.l(llushr.o)
    0x08000592   0x08000592   0x00000024   Code   RO         3141    .text               mc_w.l(llsshr.o)
    0x080005b6   0x080005b6   0x000000ba   Code   RO         3143    .text               mf_w.l(depilogue.o)
    0x08000670   0x08000670   0x00000016   Code   RO         1012    i.ADC_Cmd           stm32f10x_adc.o
    0x08000686   0x08000686   0x00000002   PAD
    0x08000688   0x08000688   0x0000005c   Code   RO         1014    i.ADC_DeInit        stm32f10x_adc.o
    0x080006e4   0x080006e4   0x00000014   Code   RO         1020    i.ADC_GetCalibrationStatus  stm32f10x_adc.o
    0x080006f8   0x080006f8   0x00000008   Code   RO         1021    i.ADC_GetConversionValue  stm32f10x_adc.o
    0x08000700   0x08000700   0x00000012   Code   RO         1023    i.ADC_GetFlagStatus  stm32f10x_adc.o
    0x08000712   0x08000712   0x00000014   Code   RO         1026    i.ADC_GetResetCalibrationStatus  stm32f10x_adc.o
    0x08000726   0x08000726   0x00000002   PAD
    0x08000728   0x08000728   0x00000050   Code   RO         1030    i.ADC_Init          stm32f10x_adc.o
    0x08000778   0x08000778   0x000000b8   Code   RO         1034    i.ADC_RegularChannelConfig  stm32f10x_adc.o
    0x08000830   0x08000830   0x0000000a   Code   RO         1035    i.ADC_ResetCalibration  stm32f10x_adc.o
    0x0800083a   0x0800083a   0x00000016   Code   RO         1037    i.ADC_SoftwareStartConvCmd  stm32f10x_adc.o
    0x08000850   0x08000850   0x0000000a   Code   RO         1039    i.ADC_StartCalibration  stm32f10x_adc.o
    0x0800085a   0x0800085a   0x00000002   PAD
    0x0800085c   0x0800085c   0x000000a8   Code   RO          469    i.Adc_Init          adc.o
    0x08000904   0x08000904   0x00000014   Code   RO          627    i.BCDtoNum          sd3078.o
    0x08000918   0x08000918   0x00000004   Code   RO          177    i.BusFault_Handler  stm32f10x_it.o
    0x0800091c   0x0800091c   0x00000002   Code   RO          178    i.DebugMon_Handler  stm32f10x_it.o
    0x0800091e   0x0800091e   0x00000002   Code   RO          300    i.EXTI9_5_IRQHandler  systemtask.o
    0x08000920   0x08000920   0x00000116   Code   RO         1534    i.GPIO_Init         stm32f10x_gpio.o
    0x08000a36   0x08000a36   0x00000012   Code   RO         1538    i.GPIO_ReadInputDataBit  stm32f10x_gpio.o
    0x08000a48   0x08000a48   0x00000004   Code   RO         1541    i.GPIO_ResetBits    stm32f10x_gpio.o
    0x08000a4c   0x08000a4c   0x00000004   Code   RO         1542    i.GPIO_SetBits      stm32f10x_gpio.o
    0x08000a50   0x08000a50   0x00000034   Code   RO          470    i.Get_Adc           adc.o
    0x08000a84   0x08000a84   0x0000002e   Code   RO          471    i.Get_Adc_Average   adc.o
    0x08000ab2   0x08000ab2   0x000000cc   Code   RO          538    i.HCMS_Brightness   hcms.o
    0x08000b7e   0x08000b7e   0x00000002   PAD
    0x08000b80   0x08000b80   0x0000004c   Code   RO          541    i.HCMS_Write_Byte   hcms.o
    0x08000bcc   0x08000bcc   0x00000060   Code   RO          542    i.HCMS_Write_CMD    hcms.o
    0x08000c2c   0x08000c2c   0x00000034   Code   RO          544    i.HCMS_Write_Done   hcms.o
    0x08000c60   0x08000c60   0x000001d2   Code   RO          545    i.HCMS_Write_II_Str  hcms.o
    0x08000e32   0x08000e32   0x0000004a   Code   RO          546    i.HCMS_Write_I_Str  hcms.o
    0x08000e7c   0x08000e7c   0x00000070   Code   RO          547    i.HCMS_Write_Mode   hcms.o
    0x08000eec   0x08000eec   0x0000002c   Code   RO          548    i.HCMS_Write_ONE_Data  hcms.o
    0x08000f18   0x08000f18   0x00000074   Code   RO          549    i.HCMS_init         hcms.o
    0x08000f8c   0x08000f8c   0x00000004   Code   RO          179    i.HardFault_Handler  stm32f10x_it.o
    0x08000f90   0x08000f90   0x00000038   Code   RO          629    i.I2CAck            sd3078.o
    0x08000fc8   0x08000fc8   0x00000038   Code   RO          630    i.I2CNoAck          sd3078.o
    0x08001000   0x08001000   0x00000068   Code   RO          631    i.I2CReadSerial     sd3078.o
    0x08001068   0x08001068   0x00000058   Code   RO          632    i.I2CReceiveByte    sd3078.o
    0x080010c0   0x080010c0   0x00000050   Code   RO          633    i.I2CSendByte       sd3078.o
    0x08001110   0x08001110   0x0000004c   Code   RO          634    i.I2CStart          sd3078.o
    0x0800115c   0x0800115c   0x00000038   Code   RO          635    i.I2CStop           sd3078.o
    0x08001194   0x08001194   0x0000004c   Code   RO          636    i.I2CWaitAck        sd3078.o
    0x080011e0   0x080011e0   0x00000060   Code   RO          637    i.I2CWriteSerial    sd3078.o
    0x08001240   0x08001240   0x0000000e   Code   RO          638    i.I2Cdelay          sd3078.o
    0x0800124e   0x0800124e   0x00000002   PAD
    0x08001250   0x08001250   0x00000010   Code   RO         2800    i.IWDG_ReloadCounter  stm32f10x_iwdg.o
    0x08001260   0x08001260   0x00000040   Code   RO          497    i.KEY_Init          key.o
    0x080012a0   0x080012a0   0x00000038   Code   RO          447    i.LED_Init          led.o
    0x080012d8   0x080012d8   0x00000004   Code   RO          180    i.MemManage_Handler  stm32f10x_it.o
    0x080012dc   0x080012dc   0x00000002   Code   RO          181    i.NMI_Handler       stm32f10x_it.o
    0x080012de   0x080012de   0x00000002   PAD
    0x080012e0   0x080012e0   0x00000070   Code   RO          970    i.NVIC_Init         misc.o
    0x08001350   0x08001350   0x00000014   Code   RO          971    i.NVIC_PriorityGroupConfig  misc.o
    0x08001364   0x08001364   0x00000002   Code   RO          182    i.PendSV_Handler    stm32f10x_it.o
    0x08001366   0x08001366   0x00000002   PAD
    0x08001368   0x08001368   0x00000018   Code   RO         1702    i.RCC_ADCCLKConfig  stm32f10x_rcc.o
    0x08001380   0x08001380   0x00000020   Code   RO         1703    i.RCC_AHBPeriphClockCmd  stm32f10x_rcc.o
    0x080013a0   0x080013a0   0x00000020   Code   RO         1704    i.RCC_APB1PeriphClockCmd  stm32f10x_rcc.o
    0x080013c0   0x080013c0   0x00000020   Code   RO         1705    i.RCC_APB1PeriphResetCmd  stm32f10x_rcc.o
    0x080013e0   0x080013e0   0x00000020   Code   RO         1706    i.RCC_APB2PeriphClockCmd  stm32f10x_rcc.o
    0x08001400   0x08001400   0x00000020   Code   RO         1707    i.RCC_APB2PeriphResetCmd  stm32f10x_rcc.o
    0x08001420   0x08001420   0x000000d4   Code   RO         1714    i.RCC_GetClocksFreq  stm32f10x_rcc.o
    0x080014f4   0x080014f4   0x00000086   Code   RO          640    i.RTC_ReadDate      sd3078.o
    0x0800157a   0x0800157a   0x00000002   PAD
    0x0800157c   0x0800157c   0x00000044   Code   RO          642    i.SD3078_Init       sd3078.o
    0x080015c0   0x080015c0   0x00000002   Code   RO          183    i.SVC_Handler       stm32f10x_it.o
    0x080015c2   0x080015c2   0x00000008   Code   RO          266    i.SetSysClock       system_stm32f10x.o
    0x080015ca   0x080015ca   0x00000002   PAD
    0x080015cc   0x080015cc   0x000000e0   Code   RO          267    i.SetSysClockTo72   system_stm32f10x.o
    0x080016ac   0x080016ac   0x00000028   Code   RO          974    i.SysTick_CLKSourceConfig  misc.o
    0x080016d4   0x080016d4   0x00000002   Code   RO          184    i.SysTick_Handler   stm32f10x_it.o
    0x080016d6   0x080016d6   0x00000002   PAD
    0x080016d8   0x080016d8   0x00000060   Code   RO          269    i.SystemInit        system_stm32f10x.o
    0x08001738   0x08001738   0x00000080   Code   RO         1992    i.TI1_Config        stm32f10x_tim.o
    0x080017b8   0x080017b8   0x00000098   Code   RO         1993    i.TI2_Config        stm32f10x_tim.o
    0x08001850   0x08001850   0x00000090   Code   RO         1994    i.TI3_Config        stm32f10x_tim.o
    0x080018e0   0x080018e0   0x00000098   Code   RO         1995    i.TI4_Config        stm32f10x_tim.o
    0x08001978   0x08001978   0x00000188   Code   RO          387    i.TIM3_IRQHandler   infraremote.o
    0x08001b00   0x08001b00   0x00000110   Code   RO          302    i.TIM4_IRQHandler   systemtask.o
    0x08001c10   0x08001c10   0x00000060   Code   RO          370    i.TIM4_Int_Init     timer.o
    0x08001c70   0x08001c70   0x00000006   Code   RO         2003    i.TIM_ClearITPendingBit  stm32f10x_tim.o
    0x08001c76   0x08001c76   0x00000018   Code   RO         2008    i.TIM_Cmd           stm32f10x_tim.o
    0x08001c8e   0x08001c8e   0x00000006   Code   RO         2025    i.TIM_GetCapture3   stm32f10x_tim.o
    0x08001c94   0x08001c94   0x00000022   Code   RO         2029    i.TIM_GetITStatus   stm32f10x_tim.o
    0x08001cb6   0x08001cb6   0x00000002   PAD
    0x08001cb8   0x08001cb8   0x000000ac   Code   RO         2031    i.TIM_ICInit        stm32f10x_tim.o
    0x08001d64   0x08001d64   0x00000012   Code   RO         2033    i.TIM_ITConfig      stm32f10x_tim.o
    0x08001d76   0x08001d76   0x0000001a   Code   RO         2049    i.TIM_OC3PolarityConfig  stm32f10x_tim.o
    0x08001d90   0x08001d90   0x00000004   Code   RO         2073    i.TIM_SetCounter    stm32f10x_tim.o
    0x08001d94   0x08001d94   0x00000012   Code   RO         2074    i.TIM_SetIC1Prescaler  stm32f10x_tim.o
    0x08001da6   0x08001da6   0x0000001a   Code   RO         2075    i.TIM_SetIC2Prescaler  stm32f10x_tim.o
    0x08001dc0   0x08001dc0   0x00000012   Code   RO         2076    i.TIM_SetIC3Prescaler  stm32f10x_tim.o
    0x08001dd2   0x08001dd2   0x0000001a   Code   RO         2077    i.TIM_SetIC4Prescaler  stm32f10x_tim.o
    0x08001dec   0x08001dec   0x000000a4   Code   RO         2079    i.TIM_TimeBaseInit  stm32f10x_tim.o
    0x08001e90   0x08001e90   0x00000100   Code   RO          829    i.USART1_IRQHandler  usart.o
    0x08001f90   0x08001f90   0x00000114   Code   RO          833    i.USART2_IRQHandler  usart.o
    0x080020a4   0x080020a4   0x00000128   Code   RO          837    i.USART3_IRQHandler  usart.o
    0x080021cc   0x080021cc   0x00000018   Code   RO         2544    i.USART_Cmd         stm32f10x_usart.o
    0x080021e4   0x080021e4   0x0000009c   Code   RO         2546    i.USART_DeInit      stm32f10x_usart.o
    0x08002280   0x08002280   0x0000001a   Code   RO         2547    i.USART_GetFlagStatus  stm32f10x_usart.o
    0x0800229a   0x0800229a   0x00000054   Code   RO         2548    i.USART_GetITStatus  stm32f10x_usart.o
    0x080022ee   0x080022ee   0x0000004a   Code   RO         2550    i.USART_ITConfig    stm32f10x_usart.o
    0x08002338   0x08002338   0x000000d8   Code   RO         2551    i.USART_Init        stm32f10x_usart.o
    0x08002410   0x08002410   0x0000000a   Code   RO         2558    i.USART_ReceiveData  stm32f10x_usart.o
    0x0800241a   0x0800241a   0x00000008   Code   RO         2561    i.USART_SendData    stm32f10x_usart.o
    0x08002422   0x08002422   0x00000004   Code   RO          185    i.UsageFault_Handler  stm32f10x_it.o
    0x08002426   0x08002426   0x00000046   Code   RO          646    i.WriteRTC_Disable  sd3078.o
    0x0800246c   0x0800246c   0x00000062   Code   RO          647    i.WriteRTC_Enable   sd3078.o
    0x080024ce   0x080024ce   0x00000002   PAD
    0x080024d0   0x080024d0   0x00000020   Code   RO         3078    i.__0printf         mc_w.l(printfa.o)
    0x080024f0   0x080024f0   0x00000024   Code   RO         3084    i.__0vsprintf       mc_w.l(printfa.o)
    0x08002514   0x08002514   0x0000000e   Code   RO         3147    i.__scatterload_copy  mc_w.l(handlers.o)
    0x08002522   0x08002522   0x00000002   Code   RO         3148    i.__scatterload_null  mc_w.l(handlers.o)
    0x08002524   0x08002524   0x0000000e   Code   RO         3149    i.__scatterload_zeroinit  mc_w.l(handlers.o)
    0x08002532   0x08002532   0x00000002   PAD
    0x08002534   0x08002534   0x00000184   Code   RO         3085    i._fp_digits        mc_w.l(printfa.o)
    0x080026b8   0x080026b8   0x000006dc   Code   RO         3086    i._printf_core      mc_w.l(printfa.o)
    0x08002d94   0x08002d94   0x00000024   Code   RO         3087    i._printf_post_padding  mc_w.l(printfa.o)
    0x08002db8   0x08002db8   0x0000002e   Code   RO         3088    i._printf_pre_padding  mc_w.l(printfa.o)
    0x08002de6   0x08002de6   0x0000000a   Code   RO         3090    i._sputc            mc_w.l(printfa.o)
    0x08002df0   0x08002df0   0x00000020   Code   RO          427    i.beepCmd           beep.o
    0x08002e10   0x08002e10   0x00000034   Code   RO          428    i.beepInit          beep.o
    0x08002e44   0x08002e44   0x00000044   Code   RO          775    i.delay_init        delay.o
    0x08002e88   0x08002e88   0x0000004c   Code   RO          776    i.delay_ms          delay.o
    0x08002ed4   0x08002ed4   0x0000004c   Code   RO          777    i.delay_us          delay.o
    0x08002f20   0x08002f20   0x0000001c   Code   RO          842    i.fputc             usart.o
    0x08002f3c   0x08002f3c   0x00000170   Code   RO          388    i.infraAnalysis     infraremote.o
    0x080030ac   0x080030ac   0x000000b8   Code   RO          389    i.infraRemote_Init  infraremote.o
    0x08003164   0x08003164   0x00000060   Code   RO          390    i.infraRemote_Scan  infraremote.o
    0x080031c4   0x080031c4   0x00000038   Code   RO            1    i.main              main.o
    0x080031fc   0x080031fc   0x00000012   Code   RO          303    i.myabs             systemtask.o
    0x0800320e   0x0800320e   0x00000002   PAD
    0x08003210   0x08003210   0x000001e4   Code   RO          304    i.systemInit        systemtask.o
    0x080033f4   0x080033f4   0x00000360   Code   RO          305    i.systemLoop        systemtask.o
    0x08003754   0x08003754   0x00000050   Code   RO          843    i.u1_printf         usart.o
    0x080037a4   0x080037a4   0x000000a4   Code   RO          846    i.uart1_init        usart.o
    0x08003848   0x08003848   0x000000b0   Code   RO          848    i.uart3_init        usart.o
    0x080038f8   0x080038f8   0x000004d3   Data   RO          550    .constdata          hcms.o
    0x08003dcb   0x08003dcb   0x00000001   PAD
    0x08003dcc   0x08003dcc   0x00000020   Data   RO         3145    Region$$Table       anon$$obj.o


    Execution Region RW_IRAM1 (Exec base: 0x20000000, Load base: 0x08003dec, Size: 0x000016e0, Max: 0x00005000, ABSOLUTE)

    Exec Addr    Load Addr    Size         Type   Attr      Idx    E Section Name        Object

    0x20000000   0x08003dec   0x00000014   Data   RW          270    .data               system_stm32f10x.o
    0x20000014   0x08003e00   0x00000034   Data   RW          307    .data               systemtask.o
    0x20000048   0x08003e34   0x0000000c   Data   RW          648    .data               sd3078.o
    0x20000054   0x08003e40   0x00000004   Data   RW          778    .data               delay.o
    0x20000058   0x08003e44   0x00000010   Data   RW          850    .data               usart.o
    0x20000068   0x08003e54   0x00000014   Data   RW         1734    .data               stm32f10x_rcc.o
    0x2000007c        -       0x00000080   Zero   RW          306    .bss                systemtask.o
    0x200000fc        -       0x0000000c   Zero   RW          391    .bss                infraremote.o
    0x20000108        -       0x000011d8   Zero   RW          849    .bss                usart.o
    0x200012e0        -       0x00000400   Zero   RW          768    STACK               startup_stm32f10x_md.o


==============================================================================

Image component sizes


      Code (inc. data)   RO Data    RW Data    ZI Data      Debug   Object Name

       266         14          0          0          0       1755   adc.o
        84         10          0          0          0        953   beep.o
         0          0          0          0          0         32   core_cm3.o
       220         26          0          4          0       1655   delay.o
      1240         68       1235          0          0       7709   hcms.o
      1040         38          0          0         12       3713   infraremote.o
        64         10          0          0          0        535   key.o
        56          6          0          0          0        471   led.o
        56         18          0          0          0     276017   main.o
       172         22          0          0          0       1985   misc.o
      1092         72          0         12          0      10547   sd3078.o
        36          8        236          0       1024        780   startup_stm32f10x_md.o
       486         24          0          0          0       8394   stm32f10x_adc.o
       304          0          0          0          0       3576   stm32f10x_gpio.o
        26          0          0          0          0       3550   stm32f10x_it.o
        16          6          0          0          0        457   stm32f10x_iwdg.o
       396         56          0         20          0       6539   stm32f10x_rcc.o
      1118        150          0          0          0      10878   stm32f10x_tim.o
       598         28          0          0          0       6632   stm32f10x_usart.o
       328         28          0         20          0       1997   system_stm32f10x.o
      1640        324          0         52        128       4274   systemtask.o
        96          6          0          0          0        636   timer.o
      1276        144          0         16       4568       7667   usart.o

    ----------------------------------------------------------------------
     10636       1058       1504        124       5732     360752   Object Totals
         0          0         32          0          0          0   (incl. Generated)
        26          0          1          0          0          0   (incl. Padding)

    ----------------------------------------------------------------------

      Code (inc. data)   RO Data    RW Data    ZI Data      Debug   Library Member Name

         0          0          0          0          0          0   entry.o
         0          0          0          0          0          0   entry10a.o
         0          0          0          0          0          0   entry11a.o
         8          4          0          0          0          0   entry2.o
         4          0          0          0          0          0   entry5.o
         0          0          0          0          0          0   entry7b.o
         0          0          0          0          0          0   entry8b.o
         8          4          0          0          0          0   entry9a.o
        30          0          0          0          0          0   handlers.o
        36          8          0          0          0         68   init.o
         0          0          0          0          0          0   iusefp.o
        30          0          0          0          0         68   llshl.o
        36          0          0          0          0         68   llsshr.o
        32          0          0          0          0         68   llushr.o
      2304         96          0          0          0        600   printfa.o
        14          0          0          0          0         68   strlen.o
        44          0          0          0          0         80   uidiv.o
        98          0          0          0          0         92   uldiv.o
        48          0          0          0          0         68   cdrcmple.o
       334          0          0          0          0        148   dadd.o
       222          0          0          0          0        100   ddiv.o
       186          0          0          0          0        176   depilogue.o
        48          0          0          0          0         68   dfixul.o
       228          0          0          0          0         96   dmul.o

    ----------------------------------------------------------------------
      3712        112          0          0          0       1768   Library Totals
         2          0          0          0          0          0   (incl. Padding)

    ----------------------------------------------------------------------

      Code (inc. data)   RO Data    RW Data    ZI Data      Debug   Library Name

      2644        112          0          0          0       1112   mc_w.l
      1066          0          0          0          0        656   mf_w.l

    ----------------------------------------------------------------------
      3712        112          0          0          0       1768   Library Totals

    ----------------------------------------------------------------------

==============================================================================


      Code (inc. data)   RO Data    RW Data    ZI Data      Debug   

     14348       1170       1504        124       5732     355964   Grand Totals
     14348       1170       1504        124       5732     355964   ELF Image Totals
     14348       1170       1504        124          0          0   ROM Totals

==============================================================================

    Total RO  Size (Code + RO Data)                15852 (  15.48kB)
    Total RW  Size (RW Data + ZI Data)              5856 (   5.72kB)
    Total ROM Size (Code + RO Data + RW Data)      15976 (  15.60kB)

==============================================================================

